Component: ARM Compiler 5.06 update 1 (build 61) Tool: armlink [4d35a8]

==============================================================================

Section Cross References

    startup_rvmdk.o(RESET) refers to startup_rvmdk.o(STACK) for StackMem
    startup_rvmdk.o(RESET) refers to rgb_led.o(.text) for Timer0IntHandler
    startup_rvmdk.o(RESET) refers to uart2.o(.text) for UART2IntHandler
    startup_rvmdk.o(RESET) refers to entry.o(.ARM.Collect$$$$00000000) for __main
    lab9.o(i.main) refers to ledbaroutput.o(.text) for LEDBARInit
    lab9.o(i.main) refers to dipswitch.o(.text) for DIPSWInit
    lab9.o(i.main) refers to pushbutton.o(.text) for PBSwInit
    lab9.o(i.main) refers to rgb_led.o(.text) for RGB_LEDInit
    lab9.o(i.main) refers to ece353_systick.o(.text) for sysTickInit
    lab9.o(i.main) refers to rit128x96x4.o(.text) for RIT128x96x4Init
    lab9.o(i.main) refers to potentiometers.o(.text) for potentiometersInit
    lab9.o(i.main) refers to lab9.o(.data) for .data
    rgb_led.o(.text) refers to fmul.o(.text) for __aeabi_fmul
    rgb_led.o(.text) refers to ffixi.o(.text) for __aeabi_f2iz
    rgb_led.o(.text) refers to fflti.o(.text) for __aeabi_i2f
    rgb_led.o(.text) refers to fdiv.o(.text) for __aeabi_fdiv
    rgb_led.o(.text) refers to sysctl.o(i.SysCtlClockSet) for SysCtlClockSet
    rgb_led.o(.text) refers to sysctl.o(i.SysCtlPeripheralEnable) for SysCtlPeripheralEnable
    rgb_led.o(.text) refers to interrupt.o(i.IntMasterEnable) for IntMasterEnable
    rgb_led.o(.text) refers to timer.o(i.TimerConfigure) for TimerConfigure
    rgb_led.o(.text) refers to sysctl.o(i.SysCtlClockGet) for SysCtlClockGet
    rgb_led.o(.text) refers to timer.o(i.TimerLoadSet) for TimerLoadSet
    rgb_led.o(.text) refers to interrupt.o(i.IntEnable) for IntEnable
    rgb_led.o(.text) refers to timer.o(i.TimerIntEnable) for TimerIntEnable
    rgb_led.o(.text) refers to timer.o(i.TimerEnable) for TimerEnable
    rgb_led.o(.text) refers to timer.o(i.TimerIntClear) for TimerIntClear
    rgb_led.o(.text) refers to interrupt.o(i.IntMasterDisable) for IntMasterDisable
    rgb_led.o(.text) refers to ffltui.o(.text) for __aeabi_ui2f
    rgb_led.o(.text) refers to rgb_led.o(.data) for period
    uart2.o(.text) refers to startup_rvmdk.o(.text) for StartCritical
    uart2.o(.text) refers to uart2.o(.data) for rxLength
    uart2.o(.text) refers to uart2.o(.bss) for rxBuffer
    potentiometers.o(.text) refers to adc.o(.text) for ADCInit
    rit128x96x4.o(.text) refers to ssi.o(i.SSIBusy) for SSIBusy
    rit128x96x4.o(.text) refers to gpio.o(i.GPIOPinWrite) for GPIOPinWrite
    rit128x96x4.o(.text) refers to ssi.o(i.SSIDataPut) for SSIDataPut
    rit128x96x4.o(.text) refers to ssi.o(i.SSIDisable) for SSIDisable
    rit128x96x4.o(.text) refers to sysctl.o(i.SysCtlClockGet) for SysCtlClockGet
    rit128x96x4.o(.text) refers to ssi.o(i.SSIConfigSetExpClk) for SSIConfigSetExpClk
    rit128x96x4.o(.text) refers to gpio.o(i.GPIOPinTypeSSI) for GPIOPinTypeSSI
    rit128x96x4.o(.text) refers to gpio.o(i.GPIOPadConfigSet) for GPIOPadConfigSet
    rit128x96x4.o(.text) refers to ssi.o(i.SSIEnable) for SSIEnable
    rit128x96x4.o(.text) refers to ssi.o(i.SSIDataGetNonBlocking) for SSIDataGetNonBlocking
    rit128x96x4.o(.text) refers to gpio.o(i.GPIOPinTypeGPIOOutput) for GPIOPinTypeGPIOOutput
    rit128x96x4.o(.text) refers to sysctl.o(i.SysCtlPeripheralEnable) for SysCtlPeripheralEnable
    rit128x96x4.o(.text) refers to rit128x96x4.o(.data) for g_ulSSIFlags
    rit128x96x4.o(.text) refers to rit128x96x4.o(.constdata) for pucCommand1
    gpio.o(i.GPIOPinConfigure) refers to gpio.o(.constdata) for .constdata
    gpio.o(i.GPIOPinTypeADC) refers to gpio.o(i.GPIODirModeSet) for GPIODirModeSet
    gpio.o(i.GPIOPinTypeADC) refers to gpio.o(i.GPIOPadConfigSet) for GPIOPadConfigSet
    gpio.o(i.GPIOPinTypeCAN) refers to gpio.o(i.GPIODirModeSet) for GPIODirModeSet
    gpio.o(i.GPIOPinTypeCAN) refers to gpio.o(i.GPIOPadConfigSet) for GPIOPadConfigSet
    gpio.o(i.GPIOPinTypeComparator) refers to gpio.o(i.GPIODirModeSet) for GPIODirModeSet
    gpio.o(i.GPIOPinTypeComparator) refers to gpio.o(i.GPIOPadConfigSet) for GPIOPadConfigSet
    gpio.o(i.GPIOPinTypeEPI) refers to gpio.o(i.GPIODirModeSet) for GPIODirModeSet
    gpio.o(i.GPIOPinTypeEPI) refers to gpio.o(i.GPIOPadConfigSet) for GPIOPadConfigSet
    gpio.o(i.GPIOPinTypeEthernetLED) refers to gpio.o(i.GPIODirModeSet) for GPIODirModeSet
    gpio.o(i.GPIOPinTypeEthernetLED) refers to gpio.o(i.GPIOPadConfigSet) for GPIOPadConfigSet
    gpio.o(i.GPIOPinTypeEthernetMII) refers to gpio.o(i.GPIODirModeSet) for GPIODirModeSet
    gpio.o(i.GPIOPinTypeEthernetMII) refers to gpio.o(i.GPIOPadConfigSet) for GPIOPadConfigSet
    gpio.o(i.GPIOPinTypeFan) refers to gpio.o(i.GPIODirModeSet) for GPIODirModeSet
    gpio.o(i.GPIOPinTypeFan) refers to gpio.o(i.GPIOPadConfigSet) for GPIOPadConfigSet
    gpio.o(i.GPIOPinTypeGPIOInput) refers to gpio.o(i.GPIODirModeSet) for GPIODirModeSet
    gpio.o(i.GPIOPinTypeGPIOInput) refers to gpio.o(i.GPIOPadConfigSet) for GPIOPadConfigSet
    gpio.o(i.GPIOPinTypeGPIOOutput) refers to gpio.o(i.GPIOPadConfigSet) for GPIOPadConfigSet
    gpio.o(i.GPIOPinTypeGPIOOutput) refers to gpio.o(i.GPIODirModeSet) for GPIODirModeSet
    gpio.o(i.GPIOPinTypeGPIOOutputOD) refers to gpio.o(i.GPIOPadConfigSet) for GPIOPadConfigSet
    gpio.o(i.GPIOPinTypeGPIOOutputOD) refers to gpio.o(i.GPIODirModeSet) for GPIODirModeSet
    gpio.o(i.GPIOPinTypeI2C) refers to gpio.o(i.GPIODirModeSet) for GPIODirModeSet
    gpio.o(i.GPIOPinTypeI2C) refers to gpio.o(i.GPIOPadConfigSet) for GPIOPadConfigSet
    gpio.o(i.GPIOPinTypeI2CSCL) refers to gpio.o(i.GPIODirModeSet) for GPIODirModeSet
    gpio.o(i.GPIOPinTypeI2CSCL) refers to gpio.o(i.GPIOPadConfigSet) for GPIOPadConfigSet
    gpio.o(i.GPIOPinTypeI2S) refers to gpio.o(i.GPIODirModeSet) for GPIODirModeSet
    gpio.o(i.GPIOPinTypeI2S) refers to gpio.o(i.GPIOPadConfigSet) for GPIOPadConfigSet
    gpio.o(i.GPIOPinTypeLPC) refers to gpio.o(i.GPIODirModeSet) for GPIODirModeSet
    gpio.o(i.GPIOPinTypeLPC) refers to gpio.o(i.GPIOPadConfigSet) for GPIOPadConfigSet
    gpio.o(i.GPIOPinTypePECIRx) refers to gpio.o(i.GPIODirModeSet) for GPIODirModeSet
    gpio.o(i.GPIOPinTypePECIRx) refers to gpio.o(i.GPIOPadConfigSet) for GPIOPadConfigSet
    gpio.o(i.GPIOPinTypePECITx) refers to gpio.o(i.GPIODirModeSet) for GPIODirModeSet
    gpio.o(i.GPIOPinTypePECITx) refers to gpio.o(i.GPIOPadConfigSet) for GPIOPadConfigSet
    gpio.o(i.GPIOPinTypePWM) refers to gpio.o(i.GPIODirModeSet) for GPIODirModeSet
    gpio.o(i.GPIOPinTypePWM) refers to gpio.o(i.GPIOPadConfigSet) for GPIOPadConfigSet
    gpio.o(i.GPIOPinTypeQEI) refers to gpio.o(i.GPIODirModeSet) for GPIODirModeSet
    gpio.o(i.GPIOPinTypeQEI) refers to gpio.o(i.GPIOPadConfigSet) for GPIOPadConfigSet
    gpio.o(i.GPIOPinTypeSSI) refers to gpio.o(i.GPIODirModeSet) for GPIODirModeSet
    gpio.o(i.GPIOPinTypeSSI) refers to gpio.o(i.GPIOPadConfigSet) for GPIOPadConfigSet
    gpio.o(i.GPIOPinTypeTimer) refers to gpio.o(i.GPIODirModeSet) for GPIODirModeSet
    gpio.o(i.GPIOPinTypeTimer) refers to gpio.o(i.GPIOPadConfigSet) for GPIOPadConfigSet
    gpio.o(i.GPIOPinTypeUART) refers to gpio.o(i.GPIODirModeSet) for GPIODirModeSet
    gpio.o(i.GPIOPinTypeUART) refers to gpio.o(i.GPIOPadConfigSet) for GPIOPadConfigSet
    gpio.o(i.GPIOPinTypeUSBAnalog) refers to gpio.o(i.GPIODirModeSet) for GPIODirModeSet
    gpio.o(i.GPIOPinTypeUSBAnalog) refers to gpio.o(i.GPIOPadConfigSet) for GPIOPadConfigSet
    gpio.o(i.GPIOPinTypeUSBDigital) refers to gpio.o(i.GPIODirModeSet) for GPIODirModeSet
    gpio.o(i.GPIOPinTypeUSBDigital) refers to gpio.o(i.GPIOPadConfigSet) for GPIOPadConfigSet
    gpio.o(i.GPIOPortIntRegister) refers to gpio.o(i.GPIOGetIntNumber) for GPIOGetIntNumber
    gpio.o(i.GPIOPortIntRegister) refers to interrupt.o(i.IntRegister) for IntRegister
    gpio.o(i.GPIOPortIntRegister) refers to interrupt.o(i.IntEnable) for IntEnable
    gpio.o(i.GPIOPortIntUnregister) refers to gpio.o(i.GPIOGetIntNumber) for GPIOGetIntNumber
    gpio.o(i.GPIOPortIntUnregister) refers to interrupt.o(i.IntDisable) for IntDisable
    gpio.o(i.GPIOPortIntUnregister) refers to interrupt.o(i.IntUnregister) for IntUnregister
    interrupt.o(i.IntDisable) refers to interrupt.o(.constdata) for .constdata
    interrupt.o(i.IntEnable) refers to interrupt.o(.constdata) for .constdata
    interrupt.o(i.IntIsEnabled) refers to interrupt.o(.constdata) for .constdata
    interrupt.o(i.IntMasterDisable) refers to cpu.o(.emb_text) for CPUcpsid
    interrupt.o(i.IntMasterEnable) refers to cpu.o(.emb_text) for CPUcpsie
    interrupt.o(i.IntPendClear) refers to interrupt.o(.constdata) for .constdata
    interrupt.o(i.IntPendSet) refers to interrupt.o(.constdata) for .constdata
    interrupt.o(i.IntPriorityGet) refers to interrupt.o(.constdata) for .constdata
    interrupt.o(i.IntPriorityGroupingGet) refers to interrupt.o(.constdata) for .constdata
    interrupt.o(i.IntPriorityGroupingSet) refers to interrupt.o(.constdata) for .constdata
    interrupt.o(i.IntPriorityMaskGet) refers to cpu.o(.emb_text) for CPUbasepriGet
    interrupt.o(i.IntPriorityMaskSet) refers to cpu.o(.emb_text) for CPUbasepriSet
    interrupt.o(i.IntPrioritySet) refers to interrupt.o(.constdata) for .constdata
    interrupt.o(i.IntRegister) refers to interrupt.o(vtable) for vtable
    interrupt.o(i.IntUnregister) refers to interrupt.o(i.IntDefaultHandler) for IntDefaultHandler
    interrupt.o(i.IntUnregister) refers to interrupt.o(vtable) for vtable
    ssi.o(i.SSIIntRegister) refers to interrupt.o(i.IntRegister) for IntRegister
    ssi.o(i.SSIIntRegister) refers to interrupt.o(i.IntEnable) for IntEnable
    ssi.o(i.SSIIntRegister) refers to ssi.o(.constdata) for .constdata
    ssi.o(i.SSIIntUnregister) refers to interrupt.o(i.IntDisable) for IntDisable
    ssi.o(i.SSIIntUnregister) refers to interrupt.o(i.IntUnregister) for IntUnregister
    ssi.o(i.SSIIntUnregister) refers to ssi.o(.constdata) for .constdata
    sysctl.o(i.SysCtlClockGet) refers to sysctl.o(.constdata) for .constdata
    sysctl.o(i.SysCtlClockSet) refers to sysctl.o(.emb_text) for SysCtlDelay
    sysctl.o(i.SysCtlDeepSleep) refers to cpu.o(.emb_text) for CPUwfi
    sysctl.o(i.SysCtlI2SMClkSet) refers to sysctl.o(.constdata) for .constdata
    sysctl.o(i.SysCtlIntRegister) refers to interrupt.o(i.IntRegister) for IntRegister
    sysctl.o(i.SysCtlIntRegister) refers to interrupt.o(i.IntEnable) for IntEnable
    sysctl.o(i.SysCtlIntUnregister) refers to interrupt.o(i.IntDisable) for IntDisable
    sysctl.o(i.SysCtlIntUnregister) refers to interrupt.o(i.IntUnregister) for IntUnregister
    sysctl.o(i.SysCtlPeripheralDeepSleepDisable) refers to sysctl.o(.constdata) for .constdata
    sysctl.o(i.SysCtlPeripheralDeepSleepEnable) refers to sysctl.o(.constdata) for .constdata
    sysctl.o(i.SysCtlPeripheralDisable) refers to sysctl.o(.constdata) for .constdata
    sysctl.o(i.SysCtlPeripheralEnable) refers to sysctl.o(.constdata) for .constdata
    sysctl.o(i.SysCtlPeripheralPowerOff) refers to sysctl.o(.constdata) for .constdata
    sysctl.o(i.SysCtlPeripheralPowerOn) refers to sysctl.o(.constdata) for .constdata
    sysctl.o(i.SysCtlPeripheralPresent) refers to sysctl.o(.constdata) for .constdata
    sysctl.o(i.SysCtlPeripheralReady) refers to sysctl.o(.constdata) for .constdata
    sysctl.o(i.SysCtlPeripheralReset) refers to sysctl.o(.constdata) for .constdata
    sysctl.o(i.SysCtlPeripheralSleepDisable) refers to sysctl.o(.constdata) for .constdata
    sysctl.o(i.SysCtlPeripheralSleepEnable) refers to sysctl.o(.constdata) for .constdata
    sysctl.o(i.SysCtlSleep) refers to cpu.o(.emb_text) for CPUwfi
    timer.o(i.TimerIntRegister) refers to interrupt.o(i.IntRegister) for IntRegister
    timer.o(i.TimerIntRegister) refers to interrupt.o(i.IntEnable) for IntEnable
    timer.o(i.TimerIntRegister) refers to timer.o(.constdata) for .constdata
    timer.o(i.TimerIntUnregister) refers to interrupt.o(i.IntDisable) for IntDisable
    timer.o(i.TimerIntUnregister) refers to interrupt.o(i.IntUnregister) for IntUnregister
    timer.o(i.TimerIntUnregister) refers to timer.o(.constdata) for .constdata
    timer.o(i.TimerQuiesce) refers to interrupt.o(i.IntDisable) for IntDisable
    timer.o(i.TimerQuiesce) refers to interrupt.o(i.IntUnregister) for IntUnregister
    timer.o(i.TimerQuiesce) refers to timer.o(.constdata) for .constdata
    adc.o(.text) refers to sysctl.o(i.SysCtlClockSet) for SysCtlClockSet
    entry.o(.ARM.Collect$$$$00000000) refers (Special) to entry10a.o(.ARM.Collect$$$$0000000D) for __rt_final_cpp
    entry.o(.ARM.Collect$$$$00000000) refers (Special) to entry11a.o(.ARM.Collect$$$$0000000F) for __rt_final_exit
    entry.o(.ARM.Collect$$$$00000000) refers (Special) to entry7b.o(.ARM.Collect$$$$00000008) for _main_clock
    entry.o(.ARM.Collect$$$$00000000) refers (Special) to entry8b.o(.ARM.Collect$$$$0000000A) for _main_cpp_init
    entry.o(.ARM.Collect$$$$00000000) refers (Special) to entry9a.o(.ARM.Collect$$$$0000000B) for _main_init
    entry.o(.ARM.Collect$$$$00000000) refers (Special) to entry5.o(.ARM.Collect$$$$00000004) for _main_scatterload
    entry.o(.ARM.Collect$$$$00000000) refers (Special) to entry2.o(.ARM.Collect$$$$00000001) for _main_stk
    fmul.o(.text) refers (Special) to iusefp.o(.text) for __I$use$fp
    fdiv.o(.text) refers (Special) to iusefp.o(.text) for __I$use$fp
    fdiv.o(.text) refers to fepilogue.o(.text) for _float_round
    fflti.o(.text) refers (Special) to iusefp.o(.text) for __I$use$fp
    fflti.o(.text) refers to fepilogue.o(.text) for _float_epilogue
    ffltui.o(.text) refers (Special) to iusefp.o(.text) for __I$use$fp
    ffltui.o(.text) refers to fepilogue.o(.text) for _float_epilogue
    ffixi.o(.text) refers (Special) to iusefp.o(.text) for __I$use$fp
    entry2.o(.ARM.Collect$$$$00000001) refers to entry2.o(.ARM.Collect$$$$00002712) for __lit__00000000
    entry2.o(.ARM.Collect$$$$00002712) refers to startup_rvmdk.o(STACK) for __initial_sp
    entry2.o(__vectab_stack_and_reset_area) refers to startup_rvmdk.o(STACK) for __initial_sp
    entry2.o(__vectab_stack_and_reset_area) refers to entry.o(.ARM.Collect$$$$00000000) for __main
    entry5.o(.ARM.Collect$$$$00000004) refers to init.o(.text) for __scatterload
    entry9a.o(.ARM.Collect$$$$0000000B) refers to lab9.o(i.main) for main
    entry9b.o(.ARM.Collect$$$$0000000C) refers to lab9.o(i.main) for main
    init.o(.text) refers to entry5.o(.ARM.Collect$$$$00000004) for __main_after_scatterload


==============================================================================

Removing Unused input sections from the image.

    Removing startup_rvmdk.o(HEAP), (4096 bytes).
    Removing lab9.o(.bss), (49152 bytes).
    Removing lab9.o(.data), (4 bytes).
    Removing gpio.o(i.GPIOADCTriggerDisable), (14 bytes).
    Removing gpio.o(i.GPIOADCTriggerEnable), (14 bytes).
    Removing gpio.o(i.GPIODMATriggerDisable), (14 bytes).
    Removing gpio.o(i.GPIODMATriggerEnable), (14 bytes).
    Removing gpio.o(i.GPIODirModeGet), (34 bytes).
    Removing gpio.o(i.GPIOGetIntNumber), (212 bytes).
    Removing gpio.o(i.GPIOIntTypeGet), (48 bytes).
    Removing gpio.o(i.GPIOIntTypeSet), (58 bytes).
    Removing gpio.o(i.GPIOPadConfigGet), (140 bytes).
    Removing gpio.o(i.GPIOPinConfigure), (72 bytes).
    Removing gpio.o(i.GPIOPinIntClear), (6 bytes).
    Removing gpio.o(i.GPIOPinIntDisable), (14 bytes).
    Removing gpio.o(i.GPIOPinIntEnable), (14 bytes).
    Removing gpio.o(i.GPIOPinIntStatus), (14 bytes).
    Removing gpio.o(i.GPIOPinRead), (6 bytes).
    Removing gpio.o(i.GPIOPinTypeADC), (28 bytes).
    Removing gpio.o(i.GPIOPinTypeCAN), (28 bytes).
    Removing gpio.o(i.GPIOPinTypeComparator), (28 bytes).
    Removing gpio.o(i.GPIOPinTypeEPI), (28 bytes).
    Removing gpio.o(i.GPIOPinTypeEthernetLED), (28 bytes).
    Removing gpio.o(i.GPIOPinTypeEthernetMII), (28 bytes).
    Removing gpio.o(i.GPIOPinTypeFan), (28 bytes).
    Removing gpio.o(i.GPIOPinTypeGPIOInput), (28 bytes).
    Removing gpio.o(i.GPIOPinTypeGPIOOutputOD), (28 bytes).
    Removing gpio.o(i.GPIOPinTypeI2C), (28 bytes).
    Removing gpio.o(i.GPIOPinTypeI2CSCL), (72 bytes).
    Removing gpio.o(i.GPIOPinTypeI2S), (28 bytes).
    Removing gpio.o(i.GPIOPinTypeLPC), (28 bytes).
    Removing gpio.o(i.GPIOPinTypePECIRx), (28 bytes).
    Removing gpio.o(i.GPIOPinTypePECITx), (28 bytes).
    Removing gpio.o(i.GPIOPinTypePWM), (28 bytes).
    Removing gpio.o(i.GPIOPinTypeQEI), (28 bytes).
    Removing gpio.o(i.GPIOPinTypeTimer), (28 bytes).
    Removing gpio.o(i.GPIOPinTypeUART), (28 bytes).
    Removing gpio.o(i.GPIOPinTypeUSBAnalog), (28 bytes).
    Removing gpio.o(i.GPIOPinTypeUSBDigital), (28 bytes).
    Removing gpio.o(i.GPIOPortIntRegister), (26 bytes).
    Removing gpio.o(i.GPIOPortIntUnregister), (22 bytes).
    Removing gpio.o(.constdata), (120 bytes).
    Removing interrupt.o(i.IntDefaultHandler), (2 bytes).
    Removing interrupt.o(i.IntDisable), (100 bytes).
    Removing interrupt.o(i.IntIsEnabled), (96 bytes).
    Removing interrupt.o(i.IntPendClear), (68 bytes).
    Removing interrupt.o(i.IntPendSet), (84 bytes).
    Removing interrupt.o(i.IntPriorityGet), (28 bytes).
    Removing interrupt.o(i.IntPriorityGroupingGet), (40 bytes).
    Removing interrupt.o(i.IntPriorityGroupingSet), (28 bytes).
    Removing interrupt.o(i.IntPriorityMaskGet), (4 bytes).
    Removing interrupt.o(i.IntPriorityMaskSet), (4 bytes).
    Removing interrupt.o(i.IntPrioritySet), (40 bytes).
    Removing interrupt.o(i.IntRegister), (52 bytes).
    Removing interrupt.o(i.IntUnregister), (20 bytes).
    Removing interrupt.o(vtable), (620 bytes).
    Removing ssi.o(i.SSIClockSourceGet), (6 bytes).
    Removing ssi.o(i.SSIClockSourceSet), (6 bytes).
    Removing ssi.o(i.SSIDMADisable), (10 bytes).
    Removing ssi.o(i.SSIDMAEnable), (8 bytes).
    Removing ssi.o(i.SSIDataGet), (14 bytes).
    Removing ssi.o(i.SSIDataPutNonBlocking), (16 bytes).
    Removing ssi.o(i.SSIIntClear), (4 bytes).
    Removing ssi.o(i.SSIIntDisable), (10 bytes).
    Removing ssi.o(i.SSIIntEnable), (8 bytes).
    Removing ssi.o(i.SSIIntRegister), (52 bytes).
    Removing ssi.o(i.SSIIntStatus), (10 bytes).
    Removing ssi.o(i.SSIIntUnregister), (52 bytes).
    Removing ssi.o(.constdata), (32 bytes).
    Removing sysctl.o(i.SysCtlADCSpeedGet), (16 bytes).
    Removing sysctl.o(i.SysCtlADCSpeedSet), (32 bytes).
    Removing sysctl.o(i.SysCtlBrownOutConfigSet), (16 bytes).
    Removing sysctl.o(i.SysCtlClkVerificationClear), (20 bytes).
    Removing sysctl.o(i.SysCtlDeepSleep), (32 bytes).
    Removing sysctl.o(i.SysCtlDeepSleepClockSet), (12 bytes).
    Removing sysctl.o(i.SysCtlFlashSizeGet), (20 bytes).
    Removing sysctl.o(i.SysCtlGPIOAHBDisable), (20 bytes).
    Removing sysctl.o(i.SysCtlGPIOAHBEnable), (16 bytes).
    Removing sysctl.o(i.SysCtlI2SMClkSet), (216 bytes).
    Removing sysctl.o(i.SysCtlIOSCVerificationSet), (24 bytes).
    Removing sysctl.o(i.SysCtlIntClear), (12 bytes).
    Removing sysctl.o(i.SysCtlIntDisable), (16 bytes).
    Removing sysctl.o(i.SysCtlIntEnable), (16 bytes).
    Removing sysctl.o(i.SysCtlIntRegister), (20 bytes).
    Removing sysctl.o(i.SysCtlIntStatus), (16 bytes).
    Removing sysctl.o(i.SysCtlIntUnregister), (18 bytes).
    Removing sysctl.o(i.SysCtlLDOConfigSet), (12 bytes).
    Removing sysctl.o(i.SysCtlLDOGet), (12 bytes).
    Removing sysctl.o(i.SysCtlLDOSet), (12 bytes).
    Removing sysctl.o(i.SysCtlMOSCConfigSet), (12 bytes).
    Removing sysctl.o(i.SysCtlMOSCVerificationSet), (24 bytes).
    Removing sysctl.o(i.SysCtlPIOSCCalibrate), (76 bytes).
    Removing sysctl.o(i.SysCtlPLLVerificationSet), (24 bytes).
    Removing sysctl.o(i.SysCtlPWMClockGet), (24 bytes).
    Removing sysctl.o(i.SysCtlPWMClockSet), (20 bytes).
    Removing sysctl.o(i.SysCtlPeripheralClockGating), (24 bytes).
    Removing sysctl.o(i.SysCtlPeripheralDeepSleepDisable), (80 bytes).
    Removing sysctl.o(i.SysCtlPeripheralDeepSleepEnable), (80 bytes).
    Removing sysctl.o(i.SysCtlPeripheralDisable), (80 bytes).
    Removing sysctl.o(i.SysCtlPeripheralPowerOff), (72 bytes).
    Removing sysctl.o(i.SysCtlPeripheralPowerOn), (72 bytes).
    Removing sysctl.o(i.SysCtlPeripheralPresent), (112 bytes).
    Removing sysctl.o(i.SysCtlPeripheralReady), (72 bytes).
    Removing sysctl.o(i.SysCtlPeripheralReset), (120 bytes).
    Removing sysctl.o(i.SysCtlPeripheralSleepDisable), (80 bytes).
    Removing sysctl.o(i.SysCtlPeripheralSleepEnable), (80 bytes).
    Removing sysctl.o(i.SysCtlPinPresent), (16 bytes).
    Removing sysctl.o(i.SysCtlReset), (16 bytes).
    Removing sysctl.o(i.SysCtlResetCauseClear), (16 bytes).
    Removing sysctl.o(i.SysCtlResetCauseGet), (12 bytes).
    Removing sysctl.o(i.SysCtlSRAMSizeGet), (20 bytes).
    Removing sysctl.o(i.SysCtlSleep), (4 bytes).
    Removing sysctl.o(i.SysCtlUSBPLLDisable), (16 bytes).
    Removing sysctl.o(i.SysCtlUSBPLLEnable), (16 bytes).
    Removing timer.o(i.TimerControlEvent), (18 bytes).
    Removing timer.o(i.TimerControlLevel), (22 bytes).
    Removing timer.o(i.TimerControlStall), (22 bytes).
    Removing timer.o(i.TimerControlTrigger), (22 bytes).
    Removing timer.o(i.TimerControlWaitOnTrigger), (48 bytes).
    Removing timer.o(i.TimerDisable), (16 bytes).
    Removing timer.o(i.TimerIntDisable), (10 bytes).
    Removing timer.o(i.TimerIntRegister), (88 bytes).
    Removing timer.o(i.TimerIntStatus), (10 bytes).
    Removing timer.o(i.TimerIntUnregister), (80 bytes).
    Removing timer.o(i.TimerLoadGet), (10 bytes).
    Removing timer.o(i.TimerLoadGet64), (14 bytes).
    Removing timer.o(i.TimerLoadSet64), (6 bytes).
    Removing timer.o(i.TimerMatchGet), (10 bytes).
    Removing timer.o(i.TimerMatchGet64), (14 bytes).
    Removing timer.o(i.TimerMatchSet), (18 bytes).
    Removing timer.o(i.TimerMatchSet64), (6 bytes).
    Removing timer.o(i.TimerPrescaleGet), (10 bytes).
    Removing timer.o(i.TimerPrescaleMatchGet), (10 bytes).
    Removing timer.o(i.TimerPrescaleMatchSet), (18 bytes).
    Removing timer.o(i.TimerPrescaleSet), (18 bytes).
    Removing timer.o(i.TimerQuiesce), (132 bytes).
    Removing timer.o(i.TimerRTCDisable), (10 bytes).
    Removing timer.o(i.TimerRTCEnable), (10 bytes).
    Removing timer.o(i.TimerSynchronize), (4 bytes).
    Removing timer.o(i.TimerValueGet), (10 bytes).
    Removing timer.o(i.TimerValueGet64), (14 bytes).
    Removing timer.o(.constdata), (96 bytes).

142 unused section(s) (total 58612 bytes) removed from the image.

==============================================================================

Image Symbol Table

    Local Symbols

    Symbol Name                              Value     Ov Type        Size  Object(Section)

    RESET                                    0x00000000   Section      252  startup_rvmdk.o(RESET)
    ../clib/microlib/init/entry.s            0x00000000   Number         0  entry11b.o ABSOLUTE
    ../clib/microlib/init/entry.s            0x00000000   Number         0  entry.o ABSOLUTE
    ../clib/microlib/init/entry.s            0x00000000   Number         0  entry9a.o ABSOLUTE
    ../clib/microlib/init/entry.s            0x00000000   Number         0  entry2.o ABSOLUTE
    ../clib/microlib/init/entry.s            0x00000000   Number         0  entry5.o ABSOLUTE
    ../clib/microlib/init/entry.s            0x00000000   Number         0  entry7a.o ABSOLUTE
    ../clib/microlib/init/entry.s            0x00000000   Number         0  entry7b.o ABSOLUTE
    ../clib/microlib/init/entry.s            0x00000000   Number         0  entry8a.o ABSOLUTE
    ../clib/microlib/init/entry.s            0x00000000   Number         0  entry8b.o ABSOLUTE
    ../clib/microlib/init/entry.s            0x00000000   Number         0  entry10a.o ABSOLUTE
    ../clib/microlib/init/entry.s            0x00000000   Number         0  entry9b.o ABSOLUTE
    ../clib/microlib/init/entry.s            0x00000000   Number         0  entry10b.o ABSOLUTE
    ../clib/microlib/init/entry.s            0x00000000   Number         0  entry11a.o ABSOLUTE
    ../clib/microlib/stubs.s                 0x00000000   Number         0  iusefp.o ABSOLUTE
    ../fplib/microlib/fpdiv.c                0x00000000   Number         0  fdiv.o ABSOLUTE
    ../fplib/microlib/fpepilogue.c           0x00000000   Number         0  fepilogue.o ABSOLUTE
    ../fplib/microlib/fpfix.c                0x00000000   Number         0  ffixi.o ABSOLUTE
    ../fplib/microlib/fpflt.c                0x00000000   Number         0  ffltui.o ABSOLUTE
    ../fplib/microlib/fpflt.c                0x00000000   Number         0  fflti.o ABSOLUTE
    ../fplib/microlib/fpmul.c                0x00000000   Number         0  fmul.o ABSOLUTE
    ADC.c                                    0x00000000   Number         0  adc.o ABSOLUTE
    DIPSwitch.c                              0x00000000   Number         0  dipswitch.o ABSOLUTE
    LEDBarOutput.c                           0x00000000   Number         0  ledbaroutput.o ABSOLUTE
    Lab9.c                                   0x00000000   Number         0  lab9.o ABSOLUTE
    Potentiometers.c                         0x00000000   Number         0  potentiometers.o ABSOLUTE
    Pushbutton.c                             0x00000000   Number         0  pushbutton.o ABSOLUTE
    RGB_LED.c                                0x00000000   Number         0  rgb_led.o ABSOLUTE
    cpu.c                                    0x00000000   Number         0  cpu.o ABSOLUTE
    cpu.c                                    0x00000000   Number         0  cpu.o ABSOLUTE
    dc.s                                     0x00000000   Number         0  dc.o ABSOLUTE
    ece353_systick.c                         0x00000000   Number         0  ece353_systick.o ABSOLUTE
    gpio.c                                   0x00000000   Number         0  gpio.o ABSOLUTE
    handlers.s                               0x00000000   Number         0  handlers.o ABSOLUTE
    init.s                                   0x00000000   Number         0  init.o ABSOLUTE
    interrupt.c                              0x00000000   Number         0  interrupt.o ABSOLUTE
    rit128x96x4.c                            0x00000000   Number         0  rit128x96x4.o ABSOLUTE
    ssi.c                                    0x00000000   Number         0  ssi.o ABSOLUTE
    startup_rvmdk.S                          0x00000000   Number         0  startup_rvmdk.o ABSOLUTE
    sysctl.c                                 0x00000000   Number         0  sysctl.o ABSOLUTE
    sysctl.c                                 0x00000000   Number         0  sysctl.o ABSOLUTE
    timer.c                                  0x00000000   Number         0  timer.o ABSOLUTE
    uart2.c                                  0x00000000   Number         0  uart2.o ABSOLUTE
    NmiSR                                    0x000000f5   Thumb Code     0  startup_rvmdk.o(RESET)
    FaultISR                                 0x000000f7   Thumb Code     0  startup_rvmdk.o(RESET)
    IntDefaultHandler                        0x000000f9   Thumb Code     0  startup_rvmdk.o(RESET)
    .ARM.Collect$$$$00000000                 0x000000fc   Section        0  entry.o(.ARM.Collect$$$$00000000)
    .ARM.Collect$$$$00000001                 0x000000fc   Section        4  entry2.o(.ARM.Collect$$$$00000001)
    .ARM.Collect$$$$00000004                 0x00000100   Section        4  entry5.o(.ARM.Collect$$$$00000004)
    .ARM.Collect$$$$00000008                 0x00000104   Section        0  entry7b.o(.ARM.Collect$$$$00000008)
    .ARM.Collect$$$$0000000A                 0x00000104   Section        0  entry8b.o(.ARM.Collect$$$$0000000A)
    .ARM.Collect$$$$0000000B                 0x00000104   Section        8  entry9a.o(.ARM.Collect$$$$0000000B)
    .ARM.Collect$$$$0000000D                 0x0000010c   Section        0  entry10a.o(.ARM.Collect$$$$0000000D)
    .ARM.Collect$$$$0000000F                 0x0000010c   Section        0  entry11a.o(.ARM.Collect$$$$0000000F)
    .ARM.Collect$$$$00002712                 0x0000010c   Section        4  entry2.o(.ARM.Collect$$$$00002712)
    __lit__00000000                          0x0000010c   Data           4  entry2.o(.ARM.Collect$$$$00002712)
    .emb_text                                0x00000110   Section        6  sysctl.o(.emb_text)
    .emb_text                                0x00000118   Section       38  cpu.o(.emb_text)
    .text                                    0x00000140   Section       28  startup_rvmdk.o(.text)
    .text                                    0x0000015c   Section        0  dipswitch.o(.text)
    .text                                    0x00000244   Section        0  ledbaroutput.o(.text)
    .text                                    0x00000360   Section        0  pushbutton.o(.text)
    .text                                    0x000003ec   Section        0  rgb_led.o(.text)
    .text                                    0x0000075c   Section        0  ece353_systick.o(.text)
    .text                                    0x00000830   Section        0  uart2.o(.text)
    .text                                    0x000009e8   Section        0  potentiometers.o(.text)
    .text                                    0x00000a28   Section        0  rit128x96x4.o(.text)
    RITWriteCommand                          0x00000a29   Thumb Code   128  rit128x96x4.o(.text)
    RITWriteData                             0x00000aa9   Thumb Code   128  rit128x96x4.o(.text)
    .text                                    0x00000ea8   Section        0  adc.o(.text)
    .text                                    0x000010d0   Section        0  fmul.o(.text)
    .text                                    0x00001134   Section        0  fdiv.o(.text)
    .text                                    0x000011b0   Section        0  fflti.o(.text)
    .text                                    0x000011c2   Section        0  ffltui.o(.text)
    .text                                    0x000011cc   Section        0  ffixi.o(.text)
    .text                                    0x000011fe   Section        0  fepilogue.o(.text)
    .text                                    0x000011fe   Section        0  iusefp.o(.text)
    .text                                    0x0000126c   Section       36  init.o(.text)
    i.GPIODirModeSet                         0x00001290   Section        0  gpio.o(i.GPIODirModeSet)
    i.GPIOPadConfigSet                       0x000012b8   Section        0  gpio.o(i.GPIOPadConfigSet)
    i.GPIOPinTypeGPIOOutput                  0x00001368   Section        0  gpio.o(i.GPIOPinTypeGPIOOutput)
    i.GPIOPinTypeSSI                         0x00001384   Section        0  gpio.o(i.GPIOPinTypeSSI)
    i.GPIOPinWrite                           0x000013a0   Section        0  gpio.o(i.GPIOPinWrite)
    i.IntEnable                              0x000013a8   Section        0  interrupt.o(i.IntEnable)
    i.IntMasterDisable                       0x0000140c   Section        0  interrupt.o(i.IntMasterDisable)
    i.IntMasterEnable                        0x00001416   Section        0  interrupt.o(i.IntMasterEnable)
    i.SSIBusy                                0x00001420   Section        0  ssi.o(i.SSIBusy)
    i.SSIConfigSetExpClk                     0x00001428   Section        0  ssi.o(i.SSIConfigSetExpClk)
    i.SSIDataGetNonBlocking                  0x00001472   Section        0  ssi.o(i.SSIDataGetNonBlocking)
    i.SSIDataPut                             0x00001486   Section        0  ssi.o(i.SSIDataPut)
    i.SSIDisable                             0x00001492   Section        0  ssi.o(i.SSIDisable)
    i.SSIEnable                              0x0000149c   Section        0  ssi.o(i.SSIEnable)
    i.SysCtlClockGet                         0x000014a8   Section        0  sysctl.o(i.SysCtlClockGet)
    i.SysCtlClockSet                         0x000016d8   Section        0  sysctl.o(i.SysCtlClockSet)
    i.SysCtlPeripheralEnable                 0x00001824   Section        0  sysctl.o(i.SysCtlPeripheralEnable)
    i.TimerConfigure                         0x00001874   Section        0  timer.o(i.TimerConfigure)
    i.TimerEnable                            0x00001898   Section        0  timer.o(i.TimerEnable)
    i.TimerIntClear                          0x000018a6   Section        0  timer.o(i.TimerIntClear)
    i.TimerIntEnable                         0x000018aa   Section        0  timer.o(i.TimerIntEnable)
    i.TimerLoadSet                           0x000018b2   Section        0  timer.o(i.TimerLoadSet)
    i.__scatterload_copy                     0x000018c4   Section       14  handlers.o(i.__scatterload_copy)
    i.__scatterload_null                     0x000018d2   Section        2  handlers.o(i.__scatterload_null)
    i.__scatterload_zeroinit                 0x000018d4   Section       14  handlers.o(i.__scatterload_zeroinit)
    i.main                                   0x000018e4   Section        0  lab9.o(i.main)
    .constdata                               0x00001aa0   Section      571  rit128x96x4.o(.constdata)
    g_pucRIT128x96x4VerticalInc              0x00001aa0   Data           2  rit128x96x4.o(.constdata)
    g_pucRIT128x96x4HorizontalInc            0x00001aa2   Data           2  rit128x96x4.o(.constdata)
    g_pucFont                                0x00001aa4   Data         480  rit128x96x4.o(.constdata)
    g_pucRIT128x96x4Init                     0x00001c84   Data          79  rit128x96x4.o(.constdata)
    pucCommand1                              0x00001cd3   Data           3  rit128x96x4.o(.constdata)
    pucCommand2                              0x00001cd6   Data           3  rit128x96x4.o(.constdata)
    pucCommand1                              0x00001cd9   Data           2  rit128x96x4.o(.constdata)
    .constdata                               0x00001cdc   Section      268  interrupt.o(.constdata)
    g_pulPriority                            0x00001cdc   Data          32  interrupt.o(.constdata)
    g_pulRegs                                0x00001cfc   Data         156  interrupt.o(.constdata)
    g_pulEnRegs                              0x00001d98   Data          20  interrupt.o(.constdata)
    g_pulDisRegs                             0x00001dac   Data          20  interrupt.o(.constdata)
    g_pulPendRegs                            0x00001dc0   Data          20  interrupt.o(.constdata)
    g_pulUnpendRegs                          0x00001dd4   Data          20  interrupt.o(.constdata)
    .constdata                               0x00001de8   Section      460  sysctl.o(.constdata)
    g_pulDCRegs                              0x00001de8   Data          16  sysctl.o(.constdata)
    g_pulSRCRRegs                            0x00001df8   Data          12  sysctl.o(.constdata)
    g_pulRCGCRegs                            0x00001e04   Data          12  sysctl.o(.constdata)
    g_pulSCGCRegs                            0x00001e10   Data          12  sysctl.o(.constdata)
    g_pulDCGCRegs                            0x00001e1c   Data          12  sysctl.o(.constdata)
    g_pulXtals                               0x00001e28   Data         108  sysctl.o(.constdata)
    g_ppulPeripheralMap                      0x00001e94   Data         288  sysctl.o(.constdata)
    .data                                    0x20000000   Section       28  lab9.o(.data)
    .data                                    0x2000001c   Section       32  rgb_led.o(.data)
    redDC                                    0x2000001c   Data           4  rgb_led.o(.data)
    greenDC                                  0x20000020   Data           4  rgb_led.o(.data)
    blueDC                                   0x20000024   Data           4  rgb_led.o(.data)
    period                                   0x20000028   Data           4  rgb_led.o(.data)
    periodIter                               0x2000002c   Data           4  rgb_led.o(.data)
    redIter                                  0x20000030   Data           4  rgb_led.o(.data)
    greenIter                                0x20000034   Data           4  rgb_led.o(.data)
    blueIter                                 0x20000038   Data           4  rgb_led.o(.data)
    .data                                    0x2000003c   Section        8  uart2.o(.data)
    rxIndex                                  0x2000003c   Data           4  uart2.o(.data)
    rxLength                                 0x20000040   Data           4  uart2.o(.data)
    .data                                    0x20000044   Section       12  rit128x96x4.o(.data)
    g_ulSSIFlags                             0x20000044   Data           4  rit128x96x4.o(.data)
    g_pucBuffer                              0x20000048   Data           8  rit128x96x4.o(.data)
    .bss                                     0x20000050   Section      128  uart2.o(.bss)
    rxBuffer                                 0x20000050   Data         128  uart2.o(.bss)
    STACK                                    0x200000d0   Section     4096  startup_rvmdk.o(STACK)
    StackMem                                 0x200000d0   Data           0  startup_rvmdk.o(STACK)

    Global Symbols

    Symbol Name                              Value     Ov Type        Size  Object(Section)

    BuildAttributes$$THM_ISAv4$P$D$K$B$S$PE$A:L22UL41UL21$X:L11$S22US41US21$IEEE1$IW$USESV6$~STKCKD$USESV7$~SHL$OTIME$ROPI$EBA8$MICROLIB$REQ8$PRES8$EABIv2 0x00000000   Number         0  anon$$obj.o ABSOLUTE
    __ARM_use_no_argv                        0x00000000   Number         0  lab9.o ABSOLUTE
    __Vectors                                0x00000000   Data           0  startup_rvmdk.o(RESET)
    __cpp_initialize__aeabi_                  - Undefined Weak Reference
    __cxa_finalize                            - Undefined Weak Reference
    __decompress                              - Undefined Weak Reference
    _clock_init                               - Undefined Weak Reference
    _microlib_exit                            - Undefined Weak Reference
    Reset_Handler                            0x000000f1   Thumb Code     0  startup_rvmdk.o(RESET)
    __main                                   0x000000fd   Thumb Code     0  entry.o(.ARM.Collect$$$$00000000)
    _main_stk                                0x000000fd   Thumb Code     0  entry2.o(.ARM.Collect$$$$00000001)
    _main_scatterload                        0x00000101   Thumb Code     0  entry5.o(.ARM.Collect$$$$00000004)
    __main_after_scatterload                 0x00000105   Thumb Code     0  entry5.o(.ARM.Collect$$$$00000004)
    _main_clock                              0x00000105   Thumb Code     0  entry7b.o(.ARM.Collect$$$$00000008)
    _main_cpp_init                           0x00000105   Thumb Code     0  entry8b.o(.ARM.Collect$$$$0000000A)
    _main_init                               0x00000105   Thumb Code     0  entry9a.o(.ARM.Collect$$$$0000000B)
    __rt_final_cpp                           0x0000010d   Thumb Code     0  entry10a.o(.ARM.Collect$$$$0000000D)
    __rt_final_exit                          0x0000010d   Thumb Code     0  entry11a.o(.ARM.Collect$$$$0000000F)
    SysCtlDelay                              0x00000111   Thumb Code     6  sysctl.o(.emb_text)
    CPUcpsid                                 0x00000119   Thumb Code     8  cpu.o(.emb_text)
    CPUprimask                               0x00000121   Thumb Code     6  cpu.o(.emb_text)
    CPUcpsie                                 0x00000127   Thumb Code     8  cpu.o(.emb_text)
    CPUwfi                                   0x0000012f   Thumb Code     4  cpu.o(.emb_text)
    CPUbasepriSet                            0x00000133   Thumb Code     6  cpu.o(.emb_text)
    CPUbasepriGet                            0x00000139   Thumb Code     6  cpu.o(.emb_text)
    DisableInterrupts                        0x00000141   Thumb Code     0  startup_rvmdk.o(.text)
    EnableInterrupts                         0x00000145   Thumb Code     0  startup_rvmdk.o(.text)
    StartCritical                            0x00000149   Thumb Code     0  startup_rvmdk.o(.text)
    EndCritical                              0x00000151   Thumb Code     0  startup_rvmdk.o(.text)
    WaitForInterrupt                         0x00000157   Thumb Code     0  startup_rvmdk.o(.text)
    DIPSWInit                                0x0000015d   Thumb Code    82  dipswitch.o(.text)
    read_SwitchNum                           0x000001af   Thumb Code    80  dipswitch.o(.text)
    read_Switches                            0x000001ff   Thumb Code    34  dipswitch.o(.text)
    LEDBARInit                               0x00000245   Thumb Code    44  ledbaroutput.o(.text)
    LEDBAROutput                             0x00000271   Thumb Code    10  ledbaroutput.o(.text)
    LEDBAR_TurnOn                            0x0000027b   Thumb Code   102  ledbaroutput.o(.text)
    LEDBAR_TurnOff                           0x000002e1   Thumb Code   102  ledbaroutput.o(.text)
    PBSwInit                                 0x00000361   Thumb Code    44  pushbutton.o(.text)
    read_PBSwitchNum                         0x0000038d   Thumb Code    60  pushbutton.o(.text)
    read_PBSwitches                          0x000003c9   Thumb Code    14  pushbutton.o(.text)
    RGB_LEDInit                              0x000003ed   Thumb Code    76  rgb_led.o(.text)
    getDutyCycle                             0x00000439   Thumb Code   110  rgb_led.o(.text)
    setDutyCycle                             0x000004a7   Thumb Code   124  rgb_led.o(.text)
    turnOn                                   0x00000523   Thumb Code    88  rgb_led.o(.text)
    turnOff                                  0x0000057b   Thumb Code    88  rgb_led.o(.text)
    PWM_Init                                 0x000005d3   Thumb Code    70  rgb_led.o(.text)
    Timer0IntHandler                         0x00000619   Thumb Code   212  rgb_led.o(.text)
    PWM_SetPeriod10mS                        0x000006ed   Thumb Code    34  rgb_led.o(.text)
    sysTickInit                              0x0000075d   Thumb Code    30  ece353_systick.o(.text)
    sysTickInitInt                           0x0000077b   Thumb Code    56  ece353_systick.o(.text)
    sysTickWait                              0x000007b3   Thumb Code    28  ece353_systick.o(.text)
    sysTickWait1uS                           0x000007cf   Thumb Code    30  ece353_systick.o(.text)
    sysTickWait1mS                           0x000007ed   Thumb Code    32  ece353_systick.o(.text)
    sysTickWait1S                            0x0000080d   Thumb Code    32  ece353_systick.o(.text)
    uart2Rx                                  0x00000831   Thumb Code    82  uart2.o(.text)
    uart2Tx                                  0x00000883   Thumb Code    18  uart2.o(.text)
    UART2IntHandler                          0x00000895   Thumb Code   104  uart2.o(.text)
    uart2Init                                0x000008fd   Thumb Code   162  uart2.o(.text)
    uart2Clear                               0x0000099f   Thumb Code    38  uart2.o(.text)
    potentiometersInit                       0x000009e9   Thumb Code    22  potentiometers.o(.text)
    readPotentiometer0                       0x000009ff   Thumb Code    14  potentiometers.o(.text)
    readPotentiometer1                       0x00000a0d   Thumb Code    14  potentiometers.o(.text)
    readPotentiometer2                       0x00000a1b   Thumb Code    14  potentiometers.o(.text)
    RIT128x96x4Clear                         0x00000b29   Thumb Code    76  rit128x96x4.o(.text)
    RIT128x96x4StringDraw                    0x00000b75   Thumb Code   254  rit128x96x4.o(.text)
    RIT128x96x4ImageDraw                     0x00000c73   Thumb Code   120  rit128x96x4.o(.text)
    RIT128x96x4Enable                        0x00000ceb   Thumb Code    92  rit128x96x4.o(.text)
    RIT128x96x4Disable                       0x00000d47   Thumb Code    98  rit128x96x4.o(.text)
    RIT128x96x4Init                          0x00000da9   Thumb Code   196  rit128x96x4.o(.text)
    RIT128x96x4DisplayOn                     0x00000e6d   Thumb Code    40  rit128x96x4.o(.text)
    RIT128x96x4DisplayOff                    0x00000e95   Thumb Code    12  rit128x96x4.o(.text)
    ADCInit                                  0x00000ea9   Thumb Code   358  adc.o(.text)
    ADCCompute                               0x0000100f   Thumb Code   162  adc.o(.text)
    __aeabi_fmul                             0x000010d1   Thumb Code   100  fmul.o(.text)
    __aeabi_fdiv                             0x00001135   Thumb Code   124  fdiv.o(.text)
    __aeabi_i2f                              0x000011b1   Thumb Code    18  fflti.o(.text)
    __aeabi_ui2f                             0x000011c3   Thumb Code    10  ffltui.o(.text)
    __aeabi_f2iz                             0x000011cd   Thumb Code    50  ffixi.o(.text)
    __I$use$fp                               0x000011ff   Thumb Code     0  iusefp.o(.text)
    _float_round                             0x000011ff   Thumb Code    18  fepilogue.o(.text)
    _float_epilogue                          0x00001211   Thumb Code    92  fepilogue.o(.text)
    __scatterload                            0x0000126d   Thumb Code    28  init.o(.text)
    __scatterload_rt2                        0x0000126d   Thumb Code     0  init.o(.text)
    GPIODirModeSet                           0x00001291   Thumb Code    40  gpio.o(i.GPIODirModeSet)
    GPIOPadConfigSet                         0x000012b9   Thumb Code   176  gpio.o(i.GPIOPadConfigSet)
    GPIOPinTypeGPIOOutput                    0x00001369   Thumb Code    28  gpio.o(i.GPIOPinTypeGPIOOutput)
    GPIOPinTypeSSI                           0x00001385   Thumb Code    28  gpio.o(i.GPIOPinTypeSSI)
    GPIOPinWrite                             0x000013a1   Thumb Code     6  gpio.o(i.GPIOPinWrite)
    IntEnable                                0x000013a9   Thumb Code    92  interrupt.o(i.IntEnable)
    IntMasterDisable                         0x0000140d   Thumb Code    10  interrupt.o(i.IntMasterDisable)
    IntMasterEnable                          0x00001417   Thumb Code    10  interrupt.o(i.IntMasterEnable)
    SSIBusy                                  0x00001421   Thumb Code     8  ssi.o(i.SSIBusy)
    SSIConfigSetExpClk                       0x00001429   Thumb Code    74  ssi.o(i.SSIConfigSetExpClk)
    SSIDataGetNonBlocking                    0x00001473   Thumb Code    20  ssi.o(i.SSIDataGetNonBlocking)
    SSIDataPut                               0x00001487   Thumb Code    12  ssi.o(i.SSIDataPut)
    SSIDisable                               0x00001493   Thumb Code    10  ssi.o(i.SSIDisable)
    SSIEnable                                0x0000149d   Thumb Code    10  ssi.o(i.SSIEnable)
    SysCtlClockGet                           0x000014a9   Thumb Code   514  sysctl.o(i.SysCtlClockGet)
    SysCtlClockSet                           0x000016d9   Thumb Code   310  sysctl.o(i.SysCtlClockSet)
    SysCtlPeripheralEnable                   0x00001825   Thumb Code    70  sysctl.o(i.SysCtlPeripheralEnable)
    TimerConfigure                           0x00001875   Thumb Code    36  timer.o(i.TimerConfigure)
    TimerEnable                              0x00001899   Thumb Code    14  timer.o(i.TimerEnable)
    TimerIntClear                            0x000018a7   Thumb Code     4  timer.o(i.TimerIntClear)
    TimerIntEnable                           0x000018ab   Thumb Code     8  timer.o(i.TimerIntEnable)
    TimerLoadSet                             0x000018b3   Thumb Code    18  timer.o(i.TimerLoadSet)
    __scatterload_copy                       0x000018c5   Thumb Code    14  handlers.o(i.__scatterload_copy)
    __scatterload_null                       0x000018d3   Thumb Code     2  handlers.o(i.__scatterload_null)
    __scatterload_zeroinit                   0x000018d5   Thumb Code    14  handlers.o(i.__scatterload_zeroinit)
    main                                     0x000018e5   Thumb Code   302  lab9.o(i.main)
    Region$$Table$$Base                      0x00001fb4   Number         0  anon$$obj.o(Region$$Table)
    Region$$Table$$Limit                     0x00001fd4   Number         0  anon$$obj.o(Region$$Table)
    progress                                 0x20000000   Data           4  lab9.o(.data)
    cpuX                                     0x20000004   Data           4  lab9.o(.data)
    cpuY                                     0x20000008   Data           4  lab9.o(.data)
    playerX                                  0x2000000c   Data           4  lab9.o(.data)
    playerY                                  0x20000010   Data           4  lab9.o(.data)
    cpuDir                                   0x20000014   Data           4  lab9.o(.data)
    playerDir                                0x20000018   Data           4  lab9.o(.data)
    __initial_sp                             0x200010d0   Data           0  startup_rvmdk.o(STACK)



==============================================================================

Memory Map of the image

  Image Entry point : 0x000000f1

  Load Region LR_IROM (Base: 0x00000000, Size: 0x00002024, Max: 0x00040000, ABSOLUTE)

    Execution Region ER_IROM (Base: 0x00000000, Size: 0x00001fd4, Max: 0x00040000, ABSOLUTE)

    Base Addr    Size         Type   Attr      Idx    E Section Name        Object

    0x00000000   0x000000fc   Code   RO            3  * RESET               startup_rvmdk.o
    0x000000fc   0x00000000   Code   RO         1283  * .ARM.Collect$$$$00000000  mc_w.l(entry.o)
    0x000000fc   0x00000004   Code   RO         1296    .ARM.Collect$$$$00000001  mc_w.l(entry2.o)
    0x00000100   0x00000004   Code   RO         1299    .ARM.Collect$$$$00000004  mc_w.l(entry5.o)
    0x00000104   0x00000000   Code   RO         1301    .ARM.Collect$$$$00000008  mc_w.l(entry7b.o)
    0x00000104   0x00000000   Code   RO         1303    .ARM.Collect$$$$0000000A  mc_w.l(entry8b.o)
    0x00000104   0x00000008   Code   RO         1304    .ARM.Collect$$$$0000000B  mc_w.l(entry9a.o)
    0x0000010c   0x00000000   Code   RO         1306    .ARM.Collect$$$$0000000D  mc_w.l(entry10a.o)
    0x0000010c   0x00000000   Code   RO         1308    .ARM.Collect$$$$0000000F  mc_w.l(entry11a.o)
    0x0000010c   0x00000004   Code   RO         1297    .ARM.Collect$$$$00002712  mc_w.l(entry2.o)
    0x00000110   0x00000006   Code   RO          755    .emb_text           driverlib-cm3.lib(sysctl.o)
    0x00000116   0x00000002   PAD
    0x00000118   0x00000026   Code   RO         1273    .emb_text           driverlib-cm3.lib(cpu.o)
    0x0000013e   0x00000002   PAD
    0x00000140   0x0000001c   Code   RO            4    .text               startup_rvmdk.o
    0x0000015c   0x000000e8   Code   RO           27    .text               ECE210.lib(dipswitch.o)
    0x00000244   0x0000011c   Code   RO          133    .text               ECE210.lib(ledbaroutput.o)
    0x00000360   0x0000008c   Code   RO          145    .text               ECE210.lib(pushbutton.o)
    0x000003ec   0x00000370   Code   RO          157    .text               ECE210.lib(rgb_led.o)
    0x0000075c   0x000000d4   Code   RO          171    .text               ECE210.lib(ece353_systick.o)
    0x00000830   0x000001b8   Code   RO          183    .text               ECE210.lib(uart2.o)
    0x000009e8   0x00000040   Code   RO          198    .text               ECE210.lib(potentiometers.o)
    0x00000a28   0x00000480   Code   RO          210    .text               ECE210.lib(rit128x96x4.o)
    0x00000ea8   0x00000228   Code   RO         1261    .text               ECE210.lib(adc.o)
    0x000010d0   0x00000064   Code   RO         1286    .text               mf_w.l(fmul.o)
    0x00001134   0x0000007c   Code   RO         1288    .text               mf_w.l(fdiv.o)
    0x000011b0   0x00000012   Code   RO         1290    .text               mf_w.l(fflti.o)
    0x000011c2   0x0000000a   Code   RO         1292    .text               mf_w.l(ffltui.o)
    0x000011cc   0x00000032   Code   RO         1294    .text               mf_w.l(ffixi.o)
    0x000011fe   0x00000000   Code   RO         1310    .text               mc_w.l(iusefp.o)
    0x000011fe   0x0000006e   Code   RO         1311    .text               mf_w.l(fepilogue.o)
    0x0000126c   0x00000024   Code   RO         1313    .text               mc_w.l(init.o)
    0x00001290   0x00000028   Code   RO          230    i.GPIODirModeSet    driverlib-cm3.lib(gpio.o)
    0x000012b8   0x000000b0   Code   RO          235    i.GPIOPadConfigSet  driverlib-cm3.lib(gpio.o)
    0x00001368   0x0000001c   Code   RO          250    i.GPIOPinTypeGPIOOutput  driverlib-cm3.lib(gpio.o)
    0x00001384   0x0000001c   Code   RO          260    i.GPIOPinTypeSSI    driverlib-cm3.lib(gpio.o)
    0x000013a0   0x00000006   Code   RO          265    i.GPIOPinWrite      driverlib-cm3.lib(gpio.o)
    0x000013a6   0x00000002   PAD
    0x000013a8   0x00000064   Code   RO          519    i.IntEnable         driverlib-cm3.lib(interrupt.o)
    0x0000140c   0x0000000a   Code   RO          521    i.IntMasterDisable  driverlib-cm3.lib(interrupt.o)
    0x00001416   0x0000000a   Code   RO          522    i.IntMasterEnable   driverlib-cm3.lib(interrupt.o)
    0x00001420   0x00000008   Code   RO          630    i.SSIBusy           driverlib-cm3.lib(ssi.o)
    0x00001428   0x0000004a   Code   RO          633    i.SSIConfigSetExpClk  driverlib-cm3.lib(ssi.o)
    0x00001472   0x00000014   Code   RO          637    i.SSIDataGetNonBlocking  driverlib-cm3.lib(ssi.o)
    0x00001486   0x0000000c   Code   RO          638    i.SSIDataPut        driverlib-cm3.lib(ssi.o)
    0x00001492   0x0000000a   Code   RO          640    i.SSIDisable        driverlib-cm3.lib(ssi.o)
    0x0000149c   0x0000000a   Code   RO          641    i.SSIEnable         driverlib-cm3.lib(ssi.o)
    0x000014a6   0x00000002   PAD
    0x000014a8   0x00000230   Code   RO          760    i.SysCtlClockGet    driverlib-cm3.lib(sysctl.o)
    0x000016d8   0x0000014c   Code   RO          761    i.SysCtlClockSet    driverlib-cm3.lib(sysctl.o)
    0x00001824   0x00000050   Code   RO          788    i.SysCtlPeripheralEnable  driverlib-cm3.lib(sysctl.o)
    0x00001874   0x00000024   Code   RO         1055    i.TimerConfigure    driverlib-cm3.lib(timer.o)
    0x00001898   0x0000000e   Code   RO         1062    i.TimerEnable       driverlib-cm3.lib(timer.o)
    0x000018a6   0x00000004   Code   RO         1063    i.TimerIntClear     driverlib-cm3.lib(timer.o)
    0x000018aa   0x00000008   Code   RO         1065    i.TimerIntEnable    driverlib-cm3.lib(timer.o)
    0x000018b2   0x00000012   Code   RO         1071    i.TimerLoadSet      driverlib-cm3.lib(timer.o)
    0x000018c4   0x0000000e   Code   RO         1317    i.__scatterload_copy  mc_w.l(handlers.o)
    0x000018d2   0x00000002   Code   RO         1318    i.__scatterload_null  mc_w.l(handlers.o)
    0x000018d4   0x0000000e   Code   RO         1319    i.__scatterload_zeroinit  mc_w.l(handlers.o)
    0x000018e2   0x00000002   PAD
    0x000018e4   0x000001bc   Code   RO           11    i.main              lab9.o
    0x00001aa0   0x0000023b   Data   RO          211    .constdata          ECE210.lib(rit128x96x4.o)
    0x00001cdb   0x00000001   PAD
    0x00001cdc   0x0000010c   Data   RO          533    .constdata          driverlib-cm3.lib(interrupt.o)
    0x00001de8   0x000001cc   Data   RO          804    .constdata          driverlib-cm3.lib(sysctl.o)
    0x00001fb4   0x00000020   Data   RO         1315    Region$$Table       anon$$obj.o


    Execution Region RW_IRAM (Base: 0x20000000, Size: 0x000010d0, Max: 0x00010000, ABSOLUTE)

    Base Addr    Size         Type   Attr      Idx    E Section Name        Object

    0x20000000   0x0000001c   Data   RW           13    .data               lab9.o
    0x2000001c   0x00000020   Data   RW          158    .data               ECE210.lib(rgb_led.o)
    0x2000003c   0x00000008   Data   RW          185    .data               ECE210.lib(uart2.o)
    0x20000044   0x0000000c   Data   RW          212    .data               ECE210.lib(rit128x96x4.o)
    0x20000050   0x00000080   Zero   RW          184    .bss                ECE210.lib(uart2.o)
    0x200000d0   0x00001000   Zero   RW            1    STACK               startup_rvmdk.o


==============================================================================

Image component sizes


      Code (inc. data)   RO Data    RW Data    ZI Data      Debug   Object Name

       444        142          0         28          0       2656   lab9.o
       280        244          0          0       4096        512   startup_rvmdk.o

    ----------------------------------------------------------------------
       724        386         32         28       4096       3168   Object Totals
         0          0         32          0          0          0   (incl. Generated)
         0          0          0          0          0          0   (incl. Padding)

    ----------------------------------------------------------------------

      Code (inc. data)   RO Data    RW Data    ZI Data      Debug   Library Member Name

       552         32          0          0          0        861   adc.o
       232         42          0          0          0       3549   dipswitch.o
       212          4          0          0          0       1629   ece353_systick.o
       284         38          0          0          0       1011   ledbaroutput.o
        64          0          0          0          0        934   potentiometers.o
       140         22          0          0          0        856   pushbutton.o
       880         78          0         32          0       2191   rgb_led.o
      1152         52        571         12          0       4142   rit128x96x4.o
       440         36          0          8        128       1839   uart2.o
        38          0          0          0          0        468   cpu.o
       278          0          0          0          0       5980   gpio.o
       120          8        268          0          0       2129   interrupt.o
       134          0          0          0          0       3001   ssi.o
       978         78        460          0          0       4279   sysctl.o
        80          0          0          0          0       2307   timer.o
         0          0          0          0          0          0   entry.o
         0          0          0          0          0          0   entry10a.o
         0          0          0          0          0          0   entry11a.o
         8          4          0          0          0          0   entry2.o
         4          0          0          0          0          0   entry5.o
         0          0          0          0          0          0   entry7b.o
         0          0          0          0          0          0   entry8b.o
         8          4          0          0          0          0   entry9a.o
        30          0          0          0          0          0   handlers.o
        36          8          0          0          0         68   init.o
         0          0          0          0          0          0   iusefp.o
       124          0          0          0          0         88   fdiv.o
       110          0          0          0          0        168   fepilogue.o
        50          0          0          0          0         68   ffixi.o
        18          0          0          0          0         68   fflti.o
        10          0          0          0          0         68   ffltui.o
       100          0          0          0          0         76   fmul.o

    ----------------------------------------------------------------------
      6092        406       1300         52        128      35780   Library Totals
        10          0          1          0          0          0   (incl. Padding)

    ----------------------------------------------------------------------

      Code (inc. data)   RO Data    RW Data    ZI Data      Debug   Library Name

      3956        304        571         52        128      17012   ECE210.lib
      1628         86        728          0          0      18164   driverlib-cm3.lib
        86         16          0          0          0         68   mc_w.l
       412          0          0          0          0        536   mf_w.l

    ----------------------------------------------------------------------
      6092        406       1300         52        128      35780   Library Totals

    ----------------------------------------------------------------------

==============================================================================


      Code (inc. data)   RO Data    RW Data    ZI Data      Debug   

      6816        792       1332         80       4224      37124   Grand Totals
      6816        792       1332         80       4224      37124   ELF Image Totals
      6816        792       1332         80          0          0   ROM Totals

==============================================================================

    Total RO  Size (Code + RO Data)                 8148 (   7.96kB)
    Total RW  Size (RW Data + ZI Data)              4304 (   4.20kB)
    Total ROM Size (Code + RO Data + RW Data)       8228 (   8.04kB)

==============================================================================

