ARM Linker, 4.1 [Build 791] [Evaluation]

==============================================================================

Section Cross References

    blinky.o(i.PWM_RGB_LED) refers to ffltui.o(.text) for __aeabi_ui2f
    blinky.o(i.PWM_RGB_LED) refers to fmul.o(.text) for __aeabi_fmul
    blinky.o(i.PWM_RGB_LED) refers to ffixi.o(.text) for __aeabi_f2iz
    blinky.o(i.PWM_RGB_LED) refers to blinky.o(i.turnOn) for turnOn
    blinky.o(i.PWM_RGB_LED) refers to blinky.o(i.turnOff) for turnOff
    blinky.o(i.PWM_RGB_LED) refers to blinky.o(.data) for .data
    blinky.o(i.RGB_LEDInit) refers to blinky.o(.data) for .data
    blinky.o(i.SysTickIntHandler) refers to gpio.o(i.GPIOPinRead) for GPIOPinRead
    blinky.o(i.SysTickIntHandler) refers to blinky.o(i.getDutyCycle) for getDutyCycle
    blinky.o(i.SysTickIntHandler) refers to f2d.o(.text) for __aeabi_f2d
    blinky.o(i.SysTickIntHandler) refers to dadd.o(.text) for __aeabi_dadd
    blinky.o(i.SysTickIntHandler) refers to d2f.o(.text) for __aeabi_d2f
    blinky.o(i.SysTickIntHandler) refers to blinky.o(i.setDutyCycle) for setDutyCycle
    blinky.o(i.SysTickIntHandler) refers to blinky.o(i.PWM_RGB_LED) for PWM_RGB_LED
    blinky.o(i.SysTickIntHandler) refers to blinky.o(.data) for .data
    blinky.o(i.getDutyCycle) refers to blinky.o(.data) for .data
    blinky.o(i.main) refers to blinky.o(i.RGB_LEDInit) for RGB_LEDInit
    blinky.o(i.main) refers to blinky.o(i.PBSwInit) for PBSwInit
    blinky.o(i.main) refers to blinky.o(i.read_PBSwitchNum) for read_PBSwitchNum
    blinky.o(i.main) refers to blinky.o(i.turnOn) for turnOn
    blinky.o(i.main) refers to blinky.o(i.turnOff) for turnOff
    blinky.o(i.setDutyCycle) refers to blinky.o(.data) for .data
    startup_rvmdk.o(RESET) refers to startup_rvmdk.o(STACK) for StackMem
    startup_rvmdk.o(RESET) refers to blinky.o(i.SysTickIntHandler) for SysTickIntHandler
    startup_rvmdk.o(RESET) refers to entry.o(.ARM.Collect$$$$00000000) for __main
    gpio.o(i.GPIOPinConfigure) refers to gpio.o(.constdata) for .constdata
    gpio.o(i.GPIOPinTypeADC) refers to gpio.o(i.GPIODirModeSet) for GPIODirModeSet
    gpio.o(i.GPIOPinTypeADC) refers to gpio.o(i.GPIOPadConfigSet) for GPIOPadConfigSet
    gpio.o(i.GPIOPinTypeCAN) refers to gpio.o(i.GPIODirModeSet) for GPIODirModeSet
    gpio.o(i.GPIOPinTypeCAN) refers to gpio.o(i.GPIOPadConfigSet) for GPIOPadConfigSet
    gpio.o(i.GPIOPinTypeComparator) refers to gpio.o(i.GPIODirModeSet) for GPIODirModeSet
    gpio.o(i.GPIOPinTypeComparator) refers to gpio.o(i.GPIOPadConfigSet) for GPIOPadConfigSet
    gpio.o(i.GPIOPinTypeEPI) refers to gpio.o(i.GPIODirModeSet) for GPIODirModeSet
    gpio.o(i.GPIOPinTypeEPI) refers to gpio.o(i.GPIOPadConfigSet) for GPIOPadConfigSet
    gpio.o(i.GPIOPinTypeEthernetLED) refers to gpio.o(i.GPIODirModeSet) for GPIODirModeSet
    gpio.o(i.GPIOPinTypeEthernetLED) refers to gpio.o(i.GPIOPadConfigSet) for GPIOPadConfigSet
    gpio.o(i.GPIOPinTypeEthernetMII) refers to gpio.o(i.GPIODirModeSet) for GPIODirModeSet
    gpio.o(i.GPIOPinTypeEthernetMII) refers to gpio.o(i.GPIOPadConfigSet) for GPIOPadConfigSet
    gpio.o(i.GPIOPinTypeFan) refers to gpio.o(i.GPIODirModeSet) for GPIODirModeSet
    gpio.o(i.GPIOPinTypeFan) refers to gpio.o(i.GPIOPadConfigSet) for GPIOPadConfigSet
    gpio.o(i.GPIOPinTypeGPIOInput) refers to gpio.o(i.GPIODirModeSet) for GPIODirModeSet
    gpio.o(i.GPIOPinTypeGPIOInput) refers to gpio.o(i.GPIOPadConfigSet) for GPIOPadConfigSet
    gpio.o(i.GPIOPinTypeGPIOOutput) refers to gpio.o(i.GPIOPadConfigSet) for GPIOPadConfigSet
    gpio.o(i.GPIOPinTypeGPIOOutput) refers to gpio.o(i.GPIODirModeSet) for GPIODirModeSet
    gpio.o(i.GPIOPinTypeGPIOOutputOD) refers to gpio.o(i.GPIOPadConfigSet) for GPIOPadConfigSet
    gpio.o(i.GPIOPinTypeGPIOOutputOD) refers to gpio.o(i.GPIODirModeSet) for GPIODirModeSet
    gpio.o(i.GPIOPinTypeI2C) refers to gpio.o(i.GPIODirModeSet) for GPIODirModeSet
    gpio.o(i.GPIOPinTypeI2C) refers to gpio.o(i.GPIOPadConfigSet) for GPIOPadConfigSet
    gpio.o(i.GPIOPinTypeI2CSCL) refers to gpio.o(i.GPIODirModeSet) for GPIODirModeSet
    gpio.o(i.GPIOPinTypeI2CSCL) refers to gpio.o(i.GPIOPadConfigSet) for GPIOPadConfigSet
    gpio.o(i.GPIOPinTypeI2S) refers to gpio.o(i.GPIODirModeSet) for GPIODirModeSet
    gpio.o(i.GPIOPinTypeI2S) refers to gpio.o(i.GPIOPadConfigSet) for GPIOPadConfigSet
    gpio.o(i.GPIOPinTypeLPC) refers to gpio.o(i.GPIODirModeSet) for GPIODirModeSet
    gpio.o(i.GPIOPinTypeLPC) refers to gpio.o(i.GPIOPadConfigSet) for GPIOPadConfigSet
    gpio.o(i.GPIOPinTypePECIRx) refers to gpio.o(i.GPIODirModeSet) for GPIODirModeSet
    gpio.o(i.GPIOPinTypePECIRx) refers to gpio.o(i.GPIOPadConfigSet) for GPIOPadConfigSet
    gpio.o(i.GPIOPinTypePECITx) refers to gpio.o(i.GPIODirModeSet) for GPIODirModeSet
    gpio.o(i.GPIOPinTypePECITx) refers to gpio.o(i.GPIOPadConfigSet) for GPIOPadConfigSet
    gpio.o(i.GPIOPinTypePWM) refers to gpio.o(i.GPIODirModeSet) for GPIODirModeSet
    gpio.o(i.GPIOPinTypePWM) refers to gpio.o(i.GPIOPadConfigSet) for GPIOPadConfigSet
    gpio.o(i.GPIOPinTypeQEI) refers to gpio.o(i.GPIODirModeSet) for GPIODirModeSet
    gpio.o(i.GPIOPinTypeQEI) refers to gpio.o(i.GPIOPadConfigSet) for GPIOPadConfigSet
    gpio.o(i.GPIOPinTypeSSI) refers to gpio.o(i.GPIODirModeSet) for GPIODirModeSet
    gpio.o(i.GPIOPinTypeSSI) refers to gpio.o(i.GPIOPadConfigSet) for GPIOPadConfigSet
    gpio.o(i.GPIOPinTypeTimer) refers to gpio.o(i.GPIODirModeSet) for GPIODirModeSet
    gpio.o(i.GPIOPinTypeTimer) refers to gpio.o(i.GPIOPadConfigSet) for GPIOPadConfigSet
    gpio.o(i.GPIOPinTypeUART) refers to gpio.o(i.GPIODirModeSet) for GPIODirModeSet
    gpio.o(i.GPIOPinTypeUART) refers to gpio.o(i.GPIOPadConfigSet) for GPIOPadConfigSet
    gpio.o(i.GPIOPinTypeUSBAnalog) refers to gpio.o(i.GPIODirModeSet) for GPIODirModeSet
    gpio.o(i.GPIOPinTypeUSBAnalog) refers to gpio.o(i.GPIOPadConfigSet) for GPIOPadConfigSet
    gpio.o(i.GPIOPinTypeUSBDigital) refers to gpio.o(i.GPIODirModeSet) for GPIODirModeSet
    gpio.o(i.GPIOPinTypeUSBDigital) refers to gpio.o(i.GPIOPadConfigSet) for GPIOPadConfigSet
    gpio.o(i.GPIOPortIntRegister) refers to gpio.o(i.GPIOGetIntNumber) for GPIOGetIntNumber
    gpio.o(i.GPIOPortIntRegister) refers to interrupt.o(i.IntRegister) for IntRegister
    gpio.o(i.GPIOPortIntRegister) refers to interrupt.o(i.IntEnable) for IntEnable
    gpio.o(i.GPIOPortIntUnregister) refers to gpio.o(i.GPIOGetIntNumber) for GPIOGetIntNumber
    gpio.o(i.GPIOPortIntUnregister) refers to interrupt.o(i.IntDisable) for IntDisable
    gpio.o(i.GPIOPortIntUnregister) refers to interrupt.o(i.IntUnregister) for IntUnregister
    interrupt.o(i.IntDisable) refers to interrupt.o(.constdata) for .constdata
    interrupt.o(i.IntEnable) refers to interrupt.o(.constdata) for .constdata
    interrupt.o(i.IntIsEnabled) refers to interrupt.o(.constdata) for .constdata
    interrupt.o(i.IntMasterDisable) refers to cpu.o(.emb_text) for CPUcpsid
    interrupt.o(i.IntMasterEnable) refers to cpu.o(.emb_text) for CPUcpsie
    interrupt.o(i.IntPendClear) refers to interrupt.o(.constdata) for .constdata
    interrupt.o(i.IntPendSet) refers to interrupt.o(.constdata) for .constdata
    interrupt.o(i.IntPriorityGet) refers to interrupt.o(.constdata) for .constdata
    interrupt.o(i.IntPriorityGroupingGet) refers to interrupt.o(.constdata) for .constdata
    interrupt.o(i.IntPriorityGroupingSet) refers to interrupt.o(.constdata) for .constdata
    interrupt.o(i.IntPriorityMaskGet) refers to cpu.o(.emb_text) for CPUbasepriGet
    interrupt.o(i.IntPriorityMaskSet) refers to cpu.o(.emb_text) for CPUbasepriSet
    interrupt.o(i.IntPrioritySet) refers to interrupt.o(.constdata) for .constdata
    interrupt.o(i.IntRegister) refers to interrupt.o(vtable) for vtable
    interrupt.o(i.IntUnregister) refers to interrupt.o(i.IntDefaultHandler) for IntDefaultHandler
    interrupt.o(i.IntUnregister) refers to interrupt.o(vtable) for vtable
    entry.o(.ARM.Collect$$$$00000000) refers (Special) to entry7b.o(.ARM.Collect$$$$00000008) for _main_clock
    entry.o(.ARM.Collect$$$$00000000) refers (Special) to entry8.o(.ARM.Collect$$$$00000009) for _main_init
    entry.o(.ARM.Collect$$$$00000000) refers (Special) to entry5.o(.ARM.Collect$$$$00000004) for _main_scatterload
    entry.o(.ARM.Collect$$$$00000000) refers (Special) to entry2.o(.ARM.Collect$$$$00000001) for _main_stk
    fmul.o(.text) refers (Special) to iusefp.o(.text) for __I$use$fp
    dadd.o(.text) refers (Special) to iusefp.o(.text) for __I$use$fp
    dadd.o(.text) refers to llshl.o(.text) for __aeabi_llsl
    dadd.o(.text) refers to llsshr.o(.text) for __aeabi_lasr
    dadd.o(.text) refers to depilogue.o(.text) for _double_epilogue
    ffltui.o(.text) refers (Special) to iusefp.o(.text) for __I$use$fp
    ffltui.o(.text) refers to fepilogue.o(.text) for _float_epilogue
    ffixi.o(.text) refers (Special) to iusefp.o(.text) for __I$use$fp
    f2d.o(.text) refers (Special) to iusefp.o(.text) for __I$use$fp
    d2f.o(.text) refers (Special) to iusefp.o(.text) for __I$use$fp
    d2f.o(.text) refers to fepilogue.o(.text) for _float_round
    entry2.o(.ARM.Collect$$$$00000001) refers to entry2.o(.ARM.Collect$$$$00002712) for __lit__00000000
    entry2.o(.ARM.Collect$$$$00002712) refers to startup_rvmdk.o(STACK) for __initial_sp
    entry2.o(__vectab_stack_and_reset_area) refers to startup_rvmdk.o(STACK) for __initial_sp
    entry2.o(__vectab_stack_and_reset_area) refers to entry.o(.ARM.Collect$$$$00000000) for __main
    entry5.o(.ARM.Collect$$$$00000004) refers to init.o(.text) for __scatterload
    entry8.o(.ARM.Collect$$$$00000009) refers to blinky.o(i.main) for main
    depilogue.o(.text) refers to llshl.o(.text) for __aeabi_llsl
    depilogue.o(.text) refers to llushr.o(.text) for __aeabi_llsr
    init.o(.text) refers to entry5.o(.ARM.Collect$$$$00000004) for __main_after_scatterload


==============================================================================

Removing Unused input sections from the image.

    Removing blinky.o(i.DIPSWInit), (84 bytes).
    Removing blinky.o(i.read_PBSwitches), (16 bytes).
    Removing blinky.o(i.read_SwitchNum), (84 bytes).
    Removing blinky.o(i.read_Switches), (36 bytes).
    Removing startup_rvmdk.o(HEAP), (0 bytes).
    Removing startup_rvmdk.o(.text), (0 bytes).
    Removing gpio.o(i.GPIOADCTriggerDisable), (14 bytes).
    Removing gpio.o(i.GPIOADCTriggerEnable), (14 bytes).
    Removing gpio.o(i.GPIODMATriggerDisable), (14 bytes).
    Removing gpio.o(i.GPIODMATriggerEnable), (14 bytes).
    Removing gpio.o(i.GPIODirModeGet), (34 bytes).
    Removing gpio.o(i.GPIODirModeSet), (40 bytes).
    Removing gpio.o(i.GPIOGetIntNumber), (212 bytes).
    Removing gpio.o(i.GPIOIntTypeGet), (48 bytes).
    Removing gpio.o(i.GPIOIntTypeSet), (58 bytes).
    Removing gpio.o(i.GPIOPadConfigGet), (140 bytes).
    Removing gpio.o(i.GPIOPadConfigSet), (176 bytes).
    Removing gpio.o(i.GPIOPinConfigure), (72 bytes).
    Removing gpio.o(i.GPIOPinIntClear), (6 bytes).
    Removing gpio.o(i.GPIOPinIntDisable), (14 bytes).
    Removing gpio.o(i.GPIOPinIntEnable), (14 bytes).
    Removing gpio.o(i.GPIOPinIntStatus), (14 bytes).
    Removing gpio.o(i.GPIOPinTypeADC), (28 bytes).
    Removing gpio.o(i.GPIOPinTypeCAN), (28 bytes).
    Removing gpio.o(i.GPIOPinTypeComparator), (28 bytes).
    Removing gpio.o(i.GPIOPinTypeEPI), (28 bytes).
    Removing gpio.o(i.GPIOPinTypeEthernetLED), (28 bytes).
    Removing gpio.o(i.GPIOPinTypeEthernetMII), (28 bytes).
    Removing gpio.o(i.GPIOPinTypeFan), (28 bytes).
    Removing gpio.o(i.GPIOPinTypeGPIOInput), (28 bytes).
    Removing gpio.o(i.GPIOPinTypeGPIOOutput), (28 bytes).
    Removing gpio.o(i.GPIOPinTypeGPIOOutputOD), (28 bytes).
    Removing gpio.o(i.GPIOPinTypeI2C), (28 bytes).
    Removing gpio.o(i.GPIOPinTypeI2CSCL), (72 bytes).
    Removing gpio.o(i.GPIOPinTypeI2S), (28 bytes).
    Removing gpio.o(i.GPIOPinTypeLPC), (28 bytes).
    Removing gpio.o(i.GPIOPinTypePECIRx), (28 bytes).
    Removing gpio.o(i.GPIOPinTypePECITx), (28 bytes).
    Removing gpio.o(i.GPIOPinTypePWM), (28 bytes).
    Removing gpio.o(i.GPIOPinTypeQEI), (28 bytes).
    Removing gpio.o(i.GPIOPinTypeSSI), (28 bytes).
    Removing gpio.o(i.GPIOPinTypeTimer), (28 bytes).
    Removing gpio.o(i.GPIOPinTypeUART), (28 bytes).
    Removing gpio.o(i.GPIOPinTypeUSBAnalog), (28 bytes).
    Removing gpio.o(i.GPIOPinTypeUSBDigital), (28 bytes).
    Removing gpio.o(i.GPIOPinWrite), (6 bytes).
    Removing gpio.o(i.GPIOPortIntRegister), (26 bytes).
    Removing gpio.o(i.GPIOPortIntUnregister), (22 bytes).
    Removing gpio.o(.constdata), (120 bytes).
    Removing interrupt.o(i.IntDefaultHandler), (2 bytes).
    Removing interrupt.o(i.IntDisable), (100 bytes).
    Removing interrupt.o(i.IntEnable), (100 bytes).
    Removing interrupt.o(i.IntIsEnabled), (96 bytes).
    Removing interrupt.o(i.IntMasterDisable), (10 bytes).
    Removing interrupt.o(i.IntMasterEnable), (10 bytes).
    Removing interrupt.o(i.IntPendClear), (68 bytes).
    Removing interrupt.o(i.IntPendSet), (84 bytes).
    Removing interrupt.o(i.IntPriorityGet), (28 bytes).
    Removing interrupt.o(i.IntPriorityGroupingGet), (40 bytes).
    Removing interrupt.o(i.IntPriorityGroupingSet), (28 bytes).
    Removing interrupt.o(i.IntPriorityMaskGet), (4 bytes).
    Removing interrupt.o(i.IntPriorityMaskSet), (4 bytes).
    Removing interrupt.o(i.IntPrioritySet), (40 bytes).
    Removing interrupt.o(i.IntRegister), (52 bytes).
    Removing interrupt.o(i.IntUnregister), (20 bytes).
    Removing interrupt.o(.constdata), (268 bytes).
    Removing interrupt.o(vtable), (620 bytes).
    Removing cpu.o(.emb_text), (38 bytes).

68 unused section(s) (total 3578 bytes) removed from the image.

==============================================================================

Image Symbol Table

    Local Symbols

    Symbol Name                              Value     Ov Type        Size  Object(Section)

    RESET                                    0x00000000   Section      252  startup_rvmdk.o(RESET)
    ../../microlib/d2f.c                     0x00000000   Number         0  d2f.o ABSOLUTE
    ../../microlib/f2d.c                     0x00000000   Number         0  f2d.o ABSOLUTE
    ../../microlib/fpadd.c                   0x00000000   Number         0  dadd.o ABSOLUTE
    ../../microlib/fpepilogue.c              0x00000000   Number         0  fepilogue.o ABSOLUTE
    ../../microlib/fpepilogue.c              0x00000000   Number         0  depilogue.o ABSOLUTE
    ../../microlib/fpfix.c                   0x00000000   Number         0  ffixi.o ABSOLUTE
    ../../microlib/fpflt.c                   0x00000000   Number         0  ffltui.o ABSOLUTE
    ../../microlib/fpmul.c                   0x00000000   Number         0  fmul.o ABSOLUTE
    ../../microlib/init/entry.s              0x00000000   Number         0  entry7a.o ABSOLUTE
    ../../microlib/init/entry.s              0x00000000   Number         0  entry.o ABSOLUTE
    ../../microlib/init/entry.s              0x00000000   Number         0  entry2.o ABSOLUTE
    ../../microlib/init/entry.s              0x00000000   Number         0  entry8.o ABSOLUTE
    ../../microlib/init/entry.s              0x00000000   Number         0  entry5.o ABSOLUTE
    ../../microlib/init/entry.s              0x00000000   Number         0  entry7b.o ABSOLUTE
    ../../microlib/longlong.c                0x00000000   Number         0  llushr.o ABSOLUTE
    ../../microlib/longlong.c                0x00000000   Number         0  llsshr.o ABSOLUTE
    ../../microlib/longlong.c                0x00000000   Number         0  llshl.o ABSOLUTE
    ../../microlib/stubs.s                   0x00000000   Number         0  iusefp.o ABSOLUTE
    blinky.c                                 0x00000000   Number         0  blinky.o ABSOLUTE
    cpu.c                                    0x00000000   Number         0  cpu.o ABSOLUTE
    cpu.c                                    0x00000000   Number         0  cpu.o ABSOLUTE
    dc.s                                     0x00000000   Number         0  dc.o ABSOLUTE
    gpio.c                                   0x00000000   Number         0  gpio.o ABSOLUTE
    handlers.s                               0x00000000   Number         0  handlers.o ABSOLUTE
    init.s                                   0x00000000   Number         0  init.o ABSOLUTE
    interrupt.c                              0x00000000   Number         0  interrupt.o ABSOLUTE
    startup_rvmdk.S                          0x00000000   Number         0  startup_rvmdk.o ABSOLUTE
    NmiSR                                    0x000000f5   Thumb Code     0  startup_rvmdk.o(RESET)
    FaultISR                                 0x000000f7   Thumb Code     0  startup_rvmdk.o(RESET)
    IntDefaultHandler                        0x000000f9   Thumb Code     0  startup_rvmdk.o(RESET)
    .ARM.Collect$$$$00000000                 0x000000fc   Section        0  entry.o(.ARM.Collect$$$$00000000)
    .ARM.Collect$$$$00000001                 0x000000fc   Section        4  entry2.o(.ARM.Collect$$$$00000001)
    .ARM.Collect$$$$00000004                 0x00000100   Section        4  entry5.o(.ARM.Collect$$$$00000004)
    .ARM.Collect$$$$00000008                 0x00000104   Section        0  entry7b.o(.ARM.Collect$$$$00000008)
    .ARM.Collect$$$$00000009                 0x00000104   Section        8  entry8.o(.ARM.Collect$$$$00000009)
    .ARM.Collect$$$$00002712                 0x0000010c   Section        4  entry2.o(.ARM.Collect$$$$00002712)
    __lit__00000000                          0x0000010c   Data           4  entry2.o(.ARM.Collect$$$$00002712)
    .text                                    0x00000110   Section        0  fmul.o(.text)
    .text                                    0x0000017c   Section        0  dadd.o(.text)
    .text                                    0x000002c8   Section        0  ffltui.o(.text)
    .text                                    0x000002d2   Section        0  ffixi.o(.text)
    .text                                    0x00000304   Section        0  f2d.o(.text)
    .text                                    0x00000330   Section        0  d2f.o(.text)
    .text                                    0x00000368   Section        0  llshl.o(.text)
    .text                                    0x00000386   Section        0  llsshr.o(.text)
    .text                                    0x000003aa   Section        0  fepilogue.o(.text)
    .text                                    0x000003aa   Section        0  iusefp.o(.text)
    .text                                    0x00000416   Section        0  depilogue.o(.text)
    .text                                    0x000004d4   Section       36  init.o(.text)
    .text                                    0x000004f8   Section        0  llushr.o(.text)
    i.GPIOPinRead                            0x00000518   Section        0  gpio.o(i.GPIOPinRead)
    i.PBSwInit                               0x00000520   Section        0  blinky.o(i.PBSwInit)
    i.PWM_RGB_LED                            0x00000550   Section        0  blinky.o(i.PWM_RGB_LED)
    i.RGB_LEDInit                            0x000005e0   Section        0  blinky.o(i.RGB_LEDInit)
    i.SysTickIntHandler                      0x00000628   Section        0  blinky.o(i.SysTickIntHandler)
    i.__scatterload_copy                     0x000007b8   Section       14  handlers.o(i.__scatterload_copy)
    i.__scatterload_null                     0x000007c6   Section        2  handlers.o(i.__scatterload_null)
    i.__scatterload_zeroinit                 0x000007c8   Section       14  handlers.o(i.__scatterload_zeroinit)
    i.getDutyCycle                           0x000007d8   Section        0  blinky.o(i.getDutyCycle)
    i.main                                   0x0000080c   Section        0  blinky.o(i.main)
    i.read_PBSwitchNum                       0x00000864   Section        0  blinky.o(i.read_PBSwitchNum)
    i.setDutyCycle                           0x00000898   Section        0  blinky.o(i.setDutyCycle)
    i.turnOff                                0x000008dc   Section        0  blinky.o(i.turnOff)
    i.turnOn                                 0x00000920   Section        0  blinky.o(i.turnOn)
    .data                                    0x20000000   Section       40  blinky.o(.data)
    g_ucSwitchClockA                         0x20000001   Data           1  blinky.o(.data)
    g_ucSwitchClockB                         0x20000002   Data           1  blinky.o(.data)
    colorState                               0x20000004   Data           4  blinky.o(.data)
    redDC                                    0x20000008   Data           4  blinky.o(.data)
    greenDC                                  0x2000000c   Data           4  blinky.o(.data)
    blueDC                                   0x20000010   Data           4  blinky.o(.data)
    period                                   0x20000014   Data           4  blinky.o(.data)
    periodIter                               0x20000018   Data           4  blinky.o(.data)
    redIter                                  0x2000001c   Data           4  blinky.o(.data)
    greenIter                                0x20000020   Data           4  blinky.o(.data)
    blueIter                                 0x20000024   Data           4  blinky.o(.data)
    STACK                                    0x20000028   Section      256  startup_rvmdk.o(STACK)
    StackMem                                 0x20000028   Data           0  startup_rvmdk.o(STACK)

    Global Symbols

    Symbol Name                              Value     Ov Type        Size  Object(Section)

    BuildAttributes$$THM_ISAv4$P$D$K$B$S$PE$A:L22UL41UL21$X:L11$S22US41US21$IEEE1$IW$USESV6$~STKCKD$USESV7$~SHL$OTIME$ROPI$EBA8$MICROLIB$REQ8$PRES8$EABIv2 0x00000000   Number         0  anon$$obj.o ABSOLUTE
    __ARM_use_no_argv                        0x00000000   Number         0  blinky.o ABSOLUTE
    __Vectors                                0x00000000   Data           0  startup_rvmdk.o(RESET)
    __decompress                              - Undefined Weak Reference
    _clock_init                               - Undefined Weak Reference
    Reset_Handler                            0x000000f1   Thumb Code     0  startup_rvmdk.o(RESET)
    __main                                   0x000000fd   Thumb Code     0  entry.o(.ARM.Collect$$$$00000000)
    _main_stk                                0x000000fd   Thumb Code     0  entry2.o(.ARM.Collect$$$$00000001)
    _main_scatterload                        0x00000101   Thumb Code     0  entry5.o(.ARM.Collect$$$$00000004)
    __main_after_scatterload                 0x00000105   Thumb Code     0  entry5.o(.ARM.Collect$$$$00000004)
    _main_clock                              0x00000105   Thumb Code     0  entry7b.o(.ARM.Collect$$$$00000008)
    _main_init                               0x00000105   Thumb Code     0  entry8.o(.ARM.Collect$$$$00000009)
    __aeabi_fmul                             0x00000111   Thumb Code   108  fmul.o(.text)
    __aeabi_dadd                             0x0000017d   Thumb Code   320  dadd.o(.text)
    __aeabi_dsub                             0x000002bd   Thumb Code     6  dadd.o(.text)
    __aeabi_drsub                            0x000002c3   Thumb Code     6  dadd.o(.text)
    __aeabi_ui2f                             0x000002c9   Thumb Code    10  ffltui.o(.text)
    __aeabi_f2iz                             0x000002d3   Thumb Code    50  ffixi.o(.text)
    __aeabi_f2d                              0x00000305   Thumb Code    44  f2d.o(.text)
    __aeabi_d2f                              0x00000331   Thumb Code    56  d2f.o(.text)
    __aeabi_llsl                             0x00000369   Thumb Code    30  llshl.o(.text)
    _ll_shift_l                              0x00000369   Thumb Code     0  llshl.o(.text)
    __aeabi_lasr                             0x00000387   Thumb Code    36  llsshr.o(.text)
    _ll_sshift_r                             0x00000387   Thumb Code     0  llsshr.o(.text)
    __I$use$fp                               0x000003ab   Thumb Code     0  iusefp.o(.text)
    _float_round                             0x000003ab   Thumb Code    18  fepilogue.o(.text)
    _float_epilogue                          0x000003bd   Thumb Code    90  fepilogue.o(.text)
    _double_round                            0x00000417   Thumb Code    26  depilogue.o(.text)
    _double_epilogue                         0x00000431   Thumb Code   164  depilogue.o(.text)
    __scatterload                            0x000004d5   Thumb Code    28  init.o(.text)
    __scatterload_rt2                        0x000004d5   Thumb Code     0  init.o(.text)
    __aeabi_llsr                             0x000004f9   Thumb Code    32  llushr.o(.text)
    _ll_ushift_r                             0x000004f9   Thumb Code     0  llushr.o(.text)
    GPIOPinRead                              0x00000519   Thumb Code     6  gpio.o(i.GPIOPinRead)
    PBSwInit                                 0x00000521   Thumb Code    34  blinky.o(i.PBSwInit)
    PWM_RGB_LED                              0x00000551   Thumb Code   138  blinky.o(i.PWM_RGB_LED)
    RGB_LEDInit                              0x000005e1   Thumb Code    54  blinky.o(i.RGB_LEDInit)
    SysTickIntHandler                        0x00000629   Thumb Code   376  blinky.o(i.SysTickIntHandler)
    __scatterload_copy                       0x000007b9   Thumb Code    14  handlers.o(i.__scatterload_copy)
    __scatterload_null                       0x000007c7   Thumb Code     2  handlers.o(i.__scatterload_null)
    __scatterload_zeroinit                   0x000007c9   Thumb Code    14  handlers.o(i.__scatterload_zeroinit)
    getDutyCycle                             0x000007d9   Thumb Code    48  blinky.o(i.getDutyCycle)
    main                                     0x0000080d   Thumb Code    88  blinky.o(i.main)
    read_PBSwitchNum                         0x00000865   Thumb Code    48  blinky.o(i.read_PBSwitchNum)
    setDutyCycle                             0x00000899   Thumb Code    62  blinky.o(i.setDutyCycle)
    turnOff                                  0x000008dd   Thumb Code    64  blinky.o(i.turnOff)
    turnOn                                   0x00000921   Thumb Code    64  blinky.o(i.turnOn)
    Region$$Table$$Base                      0x00000964   Number         0  anon$$obj.o(Region$$Table)
    Region$$Table$$Limit                     0x00000984   Number         0  anon$$obj.o(Region$$Table)
    g_ucSwitches                             0x20000000   Data           1  blinky.o(.data)
    __initial_sp                             0x20000128   Data           0  startup_rvmdk.o(STACK)



==============================================================================

Memory Map of the image

  Image Entry point : 0x000000f1

  Load Region LR_IROM (Base: 0x00000000, Size: 0x000009ac, Max: 0x00040000, ABSOLUTE)

    Execution Region ER_IROM (Base: 0x00000000, Size: 0x00000984, Max: 0x00040000, ABSOLUTE)

    Base Addr    Size         Type   Attr      Idx    E Section Name        Object

    0x00000000   0x000000fc   Code   RO          126  * RESET               startup_rvmdk.o
    0x000000fc   0x00000000   Code   RO          546  * .ARM.Collect$$$$00000000  mc_w.l(entry.o)
    0x000000fc   0x00000004   Code   RO          561    .ARM.Collect$$$$00000001  mc_w.l(entry2.o)
    0x00000100   0x00000004   Code   RO          564    .ARM.Collect$$$$00000004  mc_w.l(entry5.o)
    0x00000104   0x00000000   Code   RO          566    .ARM.Collect$$$$00000008  mc_w.l(entry7b.o)
    0x00000104   0x00000008   Code   RO          567    .ARM.Collect$$$$00000009  mc_w.l(entry8.o)
    0x0000010c   0x00000004   Code   RO          562    .ARM.Collect$$$$00002712  mc_w.l(entry2.o)
    0x00000110   0x0000006c   Code   RO          549    .text               mf_w.l(fmul.o)
    0x0000017c   0x0000014c   Code   RO          551    .text               mf_w.l(dadd.o)
    0x000002c8   0x0000000a   Code   RO          553    .text               mf_w.l(ffltui.o)
    0x000002d2   0x00000032   Code   RO          555    .text               mf_w.l(ffixi.o)
    0x00000304   0x0000002c   Code   RO          557    .text               mf_w.l(f2d.o)
    0x00000330   0x00000038   Code   RO          559    .text               mf_w.l(d2f.o)
    0x00000368   0x0000001e   Code   RO          568    .text               mc_w.l(llshl.o)
    0x00000386   0x00000024   Code   RO          570    .text               mc_w.l(llsshr.o)
    0x000003aa   0x00000000   Code   RO          572    .text               mc_w.l(iusefp.o)
    0x000003aa   0x0000006c   Code   RO          573    .text               mf_w.l(fepilogue.o)
    0x00000416   0x000000be   Code   RO          575    .text               mf_w.l(depilogue.o)
    0x000004d4   0x00000024   Code   RO          577    .text               mc_w.l(init.o)
    0x000004f8   0x00000020   Code   RO          579    .text               mc_w.l(llushr.o)
    0x00000518   0x00000006   Code   RO          147    i.GPIOPinRead       driverlib-cm3.lib(gpio.o)
    0x0000051e   0x00000002   PAD
    0x00000520   0x00000030   Code   RO            2    i.PBSwInit          blinky.o
    0x00000550   0x00000090   Code   RO            3    i.PWM_RGB_LED       blinky.o
    0x000005e0   0x00000048   Code   RO            4    i.RGB_LEDInit       blinky.o
    0x00000628   0x00000190   Code   RO            5    i.SysTickIntHandler  blinky.o
    0x000007b8   0x0000000e   Code   RO          583    i.__scatterload_copy  mc_w.l(handlers.o)
    0x000007c6   0x00000002   Code   RO          584    i.__scatterload_null  mc_w.l(handlers.o)
    0x000007c8   0x0000000e   Code   RO          585    i.__scatterload_zeroinit  mc_w.l(handlers.o)
    0x000007d6   0x00000002   PAD
    0x000007d8   0x00000034   Code   RO            6    i.getDutyCycle      blinky.o
    0x0000080c   0x00000058   Code   RO            7    i.main              blinky.o
    0x00000864   0x00000034   Code   RO            8    i.read_PBSwitchNum  blinky.o
    0x00000898   0x00000044   Code   RO           12    i.setDutyCycle      blinky.o
    0x000008dc   0x00000044   Code   RO           13    i.turnOff           blinky.o
    0x00000920   0x00000044   Code   RO           14    i.turnOn            blinky.o
    0x00000964   0x00000020   Data   RO          581    Region$$Table       anon$$obj.o


    Execution Region RW_IRAM (Base: 0x20000000, Size: 0x00000128, Max: 0x00010000, ABSOLUTE)

    Base Addr    Size         Type   Attr      Idx    E Section Name        Object

    0x20000000   0x00000028   Data   RW           15    .data               blinky.o
    0x20000028   0x00000100   Zero   RW          124    STACK               startup_rvmdk.o


==============================================================================

Image component sizes


      Code (inc. data)   RO Data    RW Data    ZI Data      Debug   Object Name

      1060         84          0         40          0       7577   blinky.o
       252        242          0          0        256        252   startup_rvmdk.o

    ----------------------------------------------------------------------
      1312        326         32         40        256       7829   Object Totals
         0          0         32          0          0          0   (incl. Generated)
         0          0          0          0          0          0   (incl. Padding)

    ----------------------------------------------------------------------

      Code (inc. data)   RO Data    RW Data    ZI Data      Debug   Library Member Name

         6          0          0          0          0        482   gpio.o
         0          0          0          0          0          0   entry.o
         8          4          0          0          0          0   entry2.o
         4          0          0          0          0          0   entry5.o
         0          0          0          0          0          0   entry7b.o
         8          4          0          0          0          0   entry8.o
        30          0          0          0          0          0   handlers.o
        36          8          0          0          0         68   init.o
         0          0          0          0          0          0   iusefp.o
        30          0          0          0          0         68   llshl.o
        36          0          0          0          0         68   llsshr.o
        32          0          0          0          0         68   llushr.o
        56          0          0          0          0         88   d2f.o
       332          0          0          0          0        148   dadd.o
       190          0          0          0          0        176   depilogue.o
        44          0          0          0          0         68   f2d.o
       108          0          0          0          0        168   fepilogue.o
        50          0          0          0          0         68   ffixi.o
        10          0          0          0          0         68   ffltui.o
       108          0          0          0          0         76   fmul.o

    ----------------------------------------------------------------------
      1092         16          0          0          0       1614   Library Totals
         4          0          0          0          0          0   (incl. Padding)

    ----------------------------------------------------------------------

      Code (inc. data)   RO Data    RW Data    ZI Data      Debug   Library Name

         6          0          0          0          0        482   driverlib-cm3.lib
       184         16          0          0          0        272   mc_w.l
       898          0          0          0          0        860   mf_w.l

    ----------------------------------------------------------------------
      1092         16          0          0          0       1614   Library Totals

    ----------------------------------------------------------------------

==============================================================================


      Code (inc. data)   RO Data    RW Data    ZI Data      Debug   

      2404        342         32         40        256       8403   Grand Totals
      2404        342         32         40        256       8403   ELF Image Totals
      2404        342         32         40          0          0   ROM Totals

==============================================================================

    Total RO  Size (Code + RO Data)                 2436 (   2.38kB)
    Total RW  Size (RW Data + ZI Data)               296 (   0.29kB)
    Total ROM Size (Code + RO Data + RW Data)       2476 (   2.42kB)

==============================================================================

